Archive member included to satisfy reference by file (symbol)

c:/st/stm32cubeide_1.1.0/stm32cubeide/plugins/com.st.stm32cube.ide.mcu.externaltools.gnu-tools-for-stm32.7-2018-q2-update.win32_1.0.0.201904181610/tools/bin/../lib/gcc/arm-none-eabi/7.3.1/../../../../arm-none-eabi/lib/thumb/v7e-m/fpv4-sp/hard\libc_nano.a(lib_a-errno.o)
                              Core/Src/syscalls.o (__errno)
c:/st/stm32cubeide_1.1.0/stm32cubeide/plugins/com.st.stm32cube.ide.mcu.externaltools.gnu-tools-for-stm32.7-2018-q2-update.win32_1.0.0.201904181610/tools/bin/../lib/gcc/arm-none-eabi/7.3.1/../../../../arm-none-eabi/lib/thumb/v7e-m/fpv4-sp/hard\libc_nano.a(lib_a-exit.o)
                              c:/st/stm32cubeide_1.1.0/stm32cubeide/plugins/com.st.stm32cube.ide.mcu.externaltools.gnu-tools-for-stm32.7-2018-q2-update.win32_1.0.0.201904181610/tools/bin/../lib/gcc/arm-none-eabi/7.3.1/../../../../arm-none-eabi/lib/thumb/v7e-m/fpv4-sp/hard/crt0.o (exit)
c:/st/stm32cubeide_1.1.0/stm32cubeide/plugins/com.st.stm32cube.ide.mcu.externaltools.gnu-tools-for-stm32.7-2018-q2-update.win32_1.0.0.201904181610/tools/bin/../lib/gcc/arm-none-eabi/7.3.1/../../../../arm-none-eabi/lib/thumb/v7e-m/fpv4-sp/hard\libc_nano.a(lib_a-impure.o)
                              c:/st/stm32cubeide_1.1.0/stm32cubeide/plugins/com.st.stm32cube.ide.mcu.externaltools.gnu-tools-for-stm32.7-2018-q2-update.win32_1.0.0.201904181610/tools/bin/../lib/gcc/arm-none-eabi/7.3.1/../../../../arm-none-eabi/lib/thumb/v7e-m/fpv4-sp/hard\libc_nano.a(lib_a-exit.o) (_global_impure_ptr)
c:/st/stm32cubeide_1.1.0/stm32cubeide/plugins/com.st.stm32cube.ide.mcu.externaltools.gnu-tools-for-stm32.7-2018-q2-update.win32_1.0.0.201904181610/tools/bin/../lib/gcc/arm-none-eabi/7.3.1/../../../../arm-none-eabi/lib/thumb/v7e-m/fpv4-sp/hard\libc_nano.a(lib_a-init.o)
                              c:/st/stm32cubeide_1.1.0/stm32cubeide/plugins/com.st.stm32cube.ide.mcu.externaltools.gnu-tools-for-stm32.7-2018-q2-update.win32_1.0.0.201904181610/tools/bin/../lib/gcc/arm-none-eabi/7.3.1/../../../../arm-none-eabi/lib/thumb/v7e-m/fpv4-sp/hard/crt0.o (__libc_init_array)
c:/st/stm32cubeide_1.1.0/stm32cubeide/plugins/com.st.stm32cube.ide.mcu.externaltools.gnu-tools-for-stm32.7-2018-q2-update.win32_1.0.0.201904181610/tools/bin/../lib/gcc/arm-none-eabi/7.3.1/../../../../arm-none-eabi/lib/thumb/v7e-m/fpv4-sp/hard\libc_nano.a(lib_a-malloc.o)
                              Middlewares/ST/STM32_USB_Host_Library/Class/CDC/Src/usbh_cdc.o (malloc)
c:/st/stm32cubeide_1.1.0/stm32cubeide/plugins/com.st.stm32cube.ide.mcu.externaltools.gnu-tools-for-stm32.7-2018-q2-update.win32_1.0.0.201904181610/tools/bin/../lib/gcc/arm-none-eabi/7.3.1/../../../../arm-none-eabi/lib/thumb/v7e-m/fpv4-sp/hard\libc_nano.a(lib_a-memset.o)
                              c:/st/stm32cubeide_1.1.0/stm32cubeide/plugins/com.st.stm32cube.ide.mcu.externaltools.gnu-tools-for-stm32.7-2018-q2-update.win32_1.0.0.201904181610/tools/bin/../lib/gcc/arm-none-eabi/7.3.1/../../../../arm-none-eabi/lib/thumb/v7e-m/fpv4-sp/hard/crt0.o (memset)
c:/st/stm32cubeide_1.1.0/stm32cubeide/plugins/com.st.stm32cube.ide.mcu.externaltools.gnu-tools-for-stm32.7-2018-q2-update.win32_1.0.0.201904181610/tools/bin/../lib/gcc/arm-none-eabi/7.3.1/../../../../arm-none-eabi/lib/thumb/v7e-m/fpv4-sp/hard\libc_nano.a(lib_a-nano-freer.o)
                              c:/st/stm32cubeide_1.1.0/stm32cubeide/plugins/com.st.stm32cube.ide.mcu.externaltools.gnu-tools-for-stm32.7-2018-q2-update.win32_1.0.0.201904181610/tools/bin/../lib/gcc/arm-none-eabi/7.3.1/../../../../arm-none-eabi/lib/thumb/v7e-m/fpv4-sp/hard\libc_nano.a(lib_a-malloc.o) (_free_r)
c:/st/stm32cubeide_1.1.0/stm32cubeide/plugins/com.st.stm32cube.ide.mcu.externaltools.gnu-tools-for-stm32.7-2018-q2-update.win32_1.0.0.201904181610/tools/bin/../lib/gcc/arm-none-eabi/7.3.1/../../../../arm-none-eabi/lib/thumb/v7e-m/fpv4-sp/hard\libc_nano.a(lib_a-nano-mallocr.o)
                              c:/st/stm32cubeide_1.1.0/stm32cubeide/plugins/com.st.stm32cube.ide.mcu.externaltools.gnu-tools-for-stm32.7-2018-q2-update.win32_1.0.0.201904181610/tools/bin/../lib/gcc/arm-none-eabi/7.3.1/../../../../arm-none-eabi/lib/thumb/v7e-m/fpv4-sp/hard\libc_nano.a(lib_a-malloc.o) (_malloc_r)
c:/st/stm32cubeide_1.1.0/stm32cubeide/plugins/com.st.stm32cube.ide.mcu.externaltools.gnu-tools-for-stm32.7-2018-q2-update.win32_1.0.0.201904181610/tools/bin/../lib/gcc/arm-none-eabi/7.3.1/../../../../arm-none-eabi/lib/thumb/v7e-m/fpv4-sp/hard\libc_nano.a(lib_a-sbrkr.o)
                              c:/st/stm32cubeide_1.1.0/stm32cubeide/plugins/com.st.stm32cube.ide.mcu.externaltools.gnu-tools-for-stm32.7-2018-q2-update.win32_1.0.0.201904181610/tools/bin/../lib/gcc/arm-none-eabi/7.3.1/../../../../arm-none-eabi/lib/thumb/v7e-m/fpv4-sp/hard\libc_nano.a(lib_a-nano-mallocr.o) (_sbrk_r)
[...]
Memory Configuration

Name             Origin             Length             Attributes
CCMRAM           0x0000000010000000 0x0000000000010000 xrw
RAM              0x0000000020000000 0x0000000000020000 xrw
FLASH            0x0000000008000000 0x0000000000100000 xr
*default*        0x0000000000000000 0xffffffffffffffff

Linker script and memory map

LOAD c:/st/stm32cubeide_1.1.0/stm32cubeide/plugins/com.st.stm32cube.ide.mcu.externaltools.gnu-tools-for-stm32.7-2018-q2-update.win32_1.0.0.201904181610/tools/bin/../lib/gcc/arm-none-eabi/7.3.1/thumb/v7e-m/fpv4-sp/hard/crti.o
LOAD c:/st/stm32cubeide_1.1.0/stm32cubeide/plugins/com.st.stm32cube.ide.mcu.externaltools.gnu-tools-for-stm32.7-2018-q2-update.win32_1.0.0.201904181610/tools/bin/../lib/gcc/arm-none-eabi/7.3.1/thumb/v7e-m/fpv4-sp/hard/crtbegin.o
LOAD c:/st/stm32cubeide_1.1.0/stm32cubeide/plugins/com.st.stm32cube.ide.mcu.externaltools.gnu-tools-for-stm32.7-2018-q2-update.win32_1.0.0.201904181610/tools/bin/../lib/gcc/arm-none-eabi/7.3.1/../../../../arm-none-eabi/lib/thumb/v7e-m/fpv4-sp/hard/crt0.o
LOAD Core/Src/dwt_delay.o
LOAD Core/Src/main.o
LOAD Core/Src/stm32f4xx_hal_msp.o
LOAD Core/Src/stm32f4xx_it.o
LOAD Core/Src/syscalls.o
LOAD Core/Src/sysmem.o
LOAD Core/Src/system_stm32f4xx.o
LOAD Core/Startup/startup_stm32f407vgtx.o
LOAD Drivers/STM32F4xx_HAL_Driver/Src/stm32f4xx_hal.o
LOAD Drivers/STM32F4xx_HAL_Driver/Src/stm32f4xx_hal_cortex.o
LOAD Drivers/STM32F4xx_HAL_Driver/Src/stm32f4xx_hal_dma.o
LOAD Drivers/STM32F4xx_HAL_Driver/Src/stm32f4xx_hal_dma_ex.o
LOAD Drivers/STM32F4xx_HAL_Driver/Src/stm32f4xx_hal_exti.o
LOAD Drivers/STM32F4xx_HAL_Driver/Src/stm32f4xx_hal_flash.o
LOAD Drivers/STM32F4xx_HAL_Driver/Src/stm32f4xx_hal_flash_ex.o
LOAD Drivers/STM32F4xx_HAL_Driver/Src/stm32f4xx_hal_flash_ramfunc.o
LOAD Drivers/STM32F4xx_HAL_Driver/Src/stm32f4xx_hal_gpio.o
LOAD Drivers/STM32F4xx_HAL_Driver/Src/stm32f4xx_hal_hcd.o
LOAD Drivers/STM32F4xx_HAL_Driver/Src/stm32f4xx_hal_i2c.o
LOAD Drivers/STM32F4xx_HAL_Driver/Src/stm32f4xx_hal_i2c_ex.o
LOAD Drivers/STM32F4xx_HAL_Driver/Src/stm32f4xx_hal_i2s.o
LOAD Drivers/STM32F4xx_HAL_Driver/Src/stm32f4xx_hal_i2s_ex.o
LOAD Drivers/STM32F4xx_HAL_Driver/Src/stm32f4xx_hal_pwr.o
LOAD Drivers/STM32F4xx_HAL_Driver/Src/stm32f4xx_hal_pwr_ex.o
LOAD Drivers/STM32F4xx_HAL_Driver/Src/stm32f4xx_hal_rcc.o
LOAD Drivers/STM32F4xx_HAL_Driver/Src/stm32f4xx_hal_rcc_ex.o
LOAD Drivers/STM32F4xx_HAL_Driver/Src/stm32f4xx_hal_spi.o
LOAD Drivers/STM32F4xx_HAL_Driver/Src/stm32f4xx_hal_tim.o
LOAD Drivers/STM32F4xx_HAL_Driver/Src/stm32f4xx_hal_tim_ex.o
LOAD Drivers/STM32F4xx_HAL_Driver/Src/stm32f4xx_hal_uart.o
LOAD Drivers/STM32F4xx_HAL_Driver/Src/stm32f4xx_ll_usb.o
LOAD Middlewares/ST/STM32_USB_Host_Library/Class/CDC/Src/usbh_cdc.o
LOAD Middlewares/ST/STM32_USB_Host_Library/Core/Src/usbh_core.o
LOAD Middlewares/ST/STM32_USB_Host_Library/Core/Src/usbh_ctlreq.o
LOAD Middlewares/ST/STM32_USB_Host_Library/Core/Src/usbh_ioreq.o
LOAD Middlewares/ST/STM32_USB_Host_Library/Core/Src/usbh_pipes.o
LOAD USB_HOST/App/usb_host.o
LOAD USB_HOST/Target/usbh_conf.o
LOAD USB_HOST/Target/usbh_platform.o
START GROUP
LOAD c:/st/stm32cubeide_1.1.0/stm32cubeide/plugins/com.st.stm32cube.ide.mcu.externaltools.gnu-tools-for-stm32.7-2018-q2-update.win32_1.0.0.201904181610/tools/bin/../lib/gcc/arm-none-eabi/7.3.1/../../../../arm-none-eabi/lib/thumb/v7e-m/fpv4-sp/hard\libc_nano.a
LOAD c:/st/stm32cubeide_1.1.0/stm32cubeide/plugins/com.st.stm32cube.ide.mcu.externaltools.gnu-tools-for-stm32.7-2018-q2-update.win32_1.0.0.201904181610/tools/bin/../lib/gcc/arm-none-eabi/7.3.1/../../../../arm-none-eabi/lib/thumb/v7e-m/fpv4-sp/hard\libm.a
END GROUP
START GROUP
LOAD c:/st/stm32cubeide_1.1.0/stm32cubeide/plugins/com.st.stm32cube.ide.mcu.externaltools.gnu-tools-for-stm32.7-2018-q2-update.win32_1.0.0.201904181610/tools/bin/../lib/gcc/arm-none-eabi/7.3.1/thumb/v7e-m/fpv4-sp/hard\libgcc.a
LOAD c:/st/stm32cubeide_1.1.0/stm32cubeide/plugins/com.st.stm32cube.ide.mcu.externaltools.gnu-tools-for-stm32.7-2018-q2-update.win32_1.0.0.201904181610/tools/bin/../lib/gcc/arm-none-eabi/7.3.1/../../../../arm-none-eabi/lib/thumb/v7e-m/fpv4-sp/hard\libc_nano.a
END GROUP
START GROUP
LOAD c:/st/stm32cubeide_1.1.0/stm32cubeide/plugins/com.st.stm32cube.ide.mcu.externaltools.gnu-tools-for-stm32.7-2018-q2-update.win32_1.0.0.201904181610/tools/bin/../lib/gcc/arm-none-eabi/7.3.1/thumb/v7e-m/fpv4-sp/hard\libgcc.a
LOAD c:/st/stm32cubeide_1.1.0/stm32cubeide/plugins/com.st.stm32cube.ide.mcu.externaltools.gnu-tools-for-stm32.7-2018-q2-update.win32_1.0.0.201904181610/tools/bin/../lib/gcc/arm-none-eabi/7.3.1/../../../../arm-none-eabi/lib/thumb/v7e-m/fpv4-sp/hard\libc_nano.a
LOAD c:/st/stm32cubeide_1.1.0/stm32cubeide/plugins/com.st.stm32cube.ide.mcu.externaltools.gnu-tools-for-stm32.7-2018-q2-update.win32_1.0.0.201904181610/tools/bin/../lib/gcc/arm-none-eabi/7.3.1/../../../../arm-none-eabi/lib/thumb/v7e-m/fpv4-sp/hard\libnosys.a
END GROUP
START GROUP
LOAD c:/st/stm32cubeide_1.1.0/stm32cubeide/plugins/com.st.stm32cube.ide.mcu.externaltools.gnu-tools-for-stm32.7-2018-q2-update.win32_1.0.0.201904181610/tools/bin/../lib/gcc/arm-none-eabi/7.3.1/thumb/v7e-m/fpv4-sp/hard\libgcc.a
LOAD c:/st/stm32cubeide_1.1.0/stm32cubeide/plugins/com.st.stm32cube.ide.mcu.externaltools.gnu-tools-for-stm32.7-2018-q2-update.win32_1.0.0.201904181610/tools/bin/../lib/gcc/arm-none-eabi/7.3.1/../../../../arm-none-eabi/lib/thumb/v7e-m/fpv4-sp/hard\libc_nano.a
LOAD c:/st/stm32cubeide_1.1.0/stm32cubeide/plugins/com.st.stm32cube.ide.mcu.externaltools.gnu-tools-for-stm32.7-2018-q2-update.win32_1.0.0.201904181610/tools/bin/../lib/gcc/arm-none-eabi/7.3.1/../../../../arm-none-eabi/lib/thumb/v7e-m/fpv4-sp/hard\libnosys.a
END GROUP
LOAD c:/st/stm32cubeide_1.1.0/stm32cubeide/plugins/com.st.stm32cube.ide.mcu.externaltools.gnu-tools-for-stm32.7-2018-q2-update.win32_1.0.0.201904181610/tools/bin/../lib/gcc/arm-none-eabi/7.3.1/thumb/v7e-m/fpv4-sp/hard/crtend.o
LOAD c:/st/stm32cubeide_1.1.0/stm32cubeide/plugins/com.st.stm32cube.ide.mcu.externaltools.gnu-tools-for-stm32.7-2018-q2-update.win32_1.0.0.201904181610/tools/bin/../lib/gcc/arm-none-eabi/7.3.1/thumb/v7e-m/fpv4-sp/hard/crtn.o
                0x0000000020020000                _estack = (ORIGIN (RAM) + LENGTH (RAM))
                0x0000000000000200                _Min_Heap_Size = 0x200
                0x0000000000000400                _Min_Stack_Size = 0x400

.isr_vector     0x0000000008000000      0x188
                0x0000000008000000                . = ALIGN (0x4)
 *(.isr_vector)
 .isr_vector    0x0000000008000000      0x188 Core/Startup/startup_stm32f407vgtx.o
                0x0000000008000000                g_pfnVectors
                0x0000000008000188                . = ALIGN (0x4)

.text           0x0000000008000188     0x86e8
                0x0000000008000188                . = ALIGN (0x4)
 *(.text)
 .text          0x0000000008000188       0x40 c:/st/stm32cubeide_1.1.0/stm32cubeide/plugins/com.st.stm32cube.ide.mcu.externaltools.gnu-tools-for-stm32.7-2018-q2-update.win32_1.0.0.201904181610/tools/bin/../lib/gcc/arm-none-eabi/7.3.1/thumb/v7e-m/fpv4-sp/hard/crtbegin.o
 .text          0x00000000080001c8      0x378 c:/st/stm32cubeide_1.1.0/stm32cubeide/plugins/com.st.stm32cube.ide.mcu.externaltools.gnu-tools-for-stm32.7-2018-q2-update.win32_1.0.0.201904181610/tools/bin/../lib/gcc/arm-none-eabi/7.3.1/thumb/v7e-m/fpv4-sp/hard\libgcc.a(_arm_addsubdf3.o)
                0x00000000080001c8                __aeabi_drsub
                0x00000000080001d0                __aeabi_dsub
                0x00000000080001d0                __subdf3
                0x00000000080001d4                __aeabi_dadd
                0x00000000080001d4                __adddf3
                0x000000000800044c                __floatunsidf
                0x000000000800044c                __aeabi_ui2d
                0x000000000800046c                __floatsidf
                0x000000000800046c                __aeabi_i2d
                0x0000000008000490                __aeabi_f2d
                0x0000000008000490                __extendsfdf2
                0x00000000080004d4                __floatundidf
                0x00000000080004d4                __aeabi_ul2d
                0x00000000080004e4                __floatdidf
                0x00000000080004e4                __aeabi_l2d
 .text          0x0000000008000540      0x424 c:/st/stm32cubeide_1.1.0/stm32cubeide/plugins/com.st.stm32cube.ide.mcu.externaltools.gnu-tools-for-stm32.7-2018-q2-update.win32_1.0.0.201904181610/tools/bin/../lib/gcc/arm-none-eabi/7.3.1/thumb/v7e-m/fpv4-sp/hard\libgcc.a(_arm_muldivdf3.o)
                0x0000000008000540                __aeabi_dmul
                0x0000000008000540                __muldf3
                0x0000000008000794                __divdf3
                0x0000000008000794                __aeabi_ddiv
 .text          0x0000000008000964       0x40 c:/st/stm32cubeide_1.1.0/stm32cubeide/plugins/com.st.stm32cube.ide.mcu.externaltools.gnu-tools-for-stm32.7-2018-q2-update.win32_1.0.0.201904181610/tools/bin/../lib/gcc/arm-none-eabi/7.3.1/thumb/v7e-m/fpv4-sp/hard\libgcc.a(_arm_fixunsdfsi.o)
                0x0000000008000964                __aeabi_d2uiz
                0x0000000008000964                __fixunsdfsi
 .text          0x00000000080009a4       0x30 c:/st/stm32cubeide_1.1.0/stm32cubeide/plugins/com.st.stm32cube.ide.mcu.externaltools.gnu-tools-for-stm32.7-2018-q2-update.win32_1.0.0.201904181610/tools/bin/../lib/gcc/arm-none-eabi/7.3.1/thumb/v7e-m/fpv4-sp/hard\libgcc.a(_aeabi_uldivmod.o)
                0x00000000080009a4                __aeabi_uldivmod
 .text          0x00000000080009d4      0x2cc c:/st/stm32cubeide_1.1.0/stm32cubeide/plugins/com.st.stm32cube.ide.mcu.externaltools.gnu-tools-for-stm32.7-2018-q2-update.win32_1.0.0.201904181610/tools/bin/../lib/gcc/arm-none-eabi/7.3.1/thumb/v7e-m/fpv4-sp/hard\libgcc.a(_udivmoddi4.o)
                0x00000000080009d4                __udivmoddi4
 .text          0x0000000008000ca0        0x4 c:/st/stm32cubeide_1.1.0/stm32cubeide/plugins/com.st.stm32cube.ide.mcu.externaltools.gnu-tools-for-stm32.7-2018-q2-update.win32_1.0.0.201904181610/tools/bin/../lib/gcc/arm-none-eabi/7.3.1/thumb/v7e-m/fpv4-sp/hard\libgcc.a(_dvmd_tls.o)
                0x0000000008000ca0                __aeabi_idiv0
                0x0000000008000ca0                __aeabi_ldiv0
 *(.text*)
 .text.DWT_Delay
                0x0000000008000ca4       0x4c Core/Src/dwt_delay.o
                0x0000000008000ca4                DWT_Delay
 .text.us_read  0x0000000008000cf0       0x60 Core/Src/main.o
                0x0000000008000cf0                us_read
 .text.main     0x0000000008000d50      0x134 Core/Src/main.o
                0x0000000008000d50                main
 .text.SystemClock_Config
                0x0000000008000e84      0x104 Core/Src/main.o
                0x0000000008000e84                SystemClock_Config
 .text.MX_I2C1_Init
                0x0000000008000f88       0x5c Core/Src/main.o
 .text.MX_I2S3_Init
                0x0000000008000fe4       0x60 Core/Src/main.o
 .text.MX_SPI1_Init
                0x0000000008001044       0x6c Core/Src/main.o
 .text.MX_USART2_UART_Init
                0x00000000080010b0       0x54 Core/Src/main.o
 .text.MX_GPIO_Init
                0x0000000008001104      0x1fc Core/Src/main.o
 .text.Error_Handler
                0x0000000008001300        0xe Core/Src/main.o
                0x0000000008001300                Error_Handler
 *fill*         0x000000000800130e        0x2 
 .text.HAL_MspInit
                0x0000000008001310       0x50 Core/Src/stm32f4xx_hal_msp.o
                0x0000000008001310                HAL_MspInit
 .text.HAL_I2C_MspInit
                0x0000000008001360       0x90 Core/Src/stm32f4xx_hal_msp.o
                0x0000000008001360                HAL_I2C_MspInit
 .text.HAL_I2S_MspInit
                0x00000000080013f0       0xd0 Core/Src/stm32f4xx_hal_msp.o
                0x00000000080013f0                HAL_I2S_MspInit
 .text.HAL_SPI_MspInit
                0x00000000080014c0       0x90 Core/Src/stm32f4xx_hal_msp.o
                0x00000000080014c0                HAL_SPI_MspInit
 .text.HAL_UART_MspInit
                0x0000000008001550       0x90 Core/Src/stm32f4xx_hal_msp.o
                0x0000000008001550                HAL_UART_MspInit
 .text.NMI_Handler
                0x00000000080015e0        0xe Core/Src/stm32f4xx_it.o
                0x00000000080015e0                NMI_Handler
 .text.HardFault_Handler
                0x00000000080015ee        0x6 Core/Src/stm32f4xx_it.o
                0x00000000080015ee                HardFault_Handler
 .text.MemManage_Handler
                0x00000000080015f4        0x6 Core/Src/stm32f4xx_it.o
                0x00000000080015f4                MemManage_Handler
 .text.BusFault_Handler
                0x00000000080015fa        0x6 Core/Src/stm32f4xx_it.o
                0x00000000080015fa                BusFault_Handler
 .text.UsageFault_Handler
                0x0000000008001600        0x6 Core/Src/stm32f4xx_it.o
                0x0000000008001600                UsageFault_Handler
 .text.SVC_Handler
                0x0000000008001606        0xe Core/Src/stm32f4xx_it.o
                0x0000000008001606                SVC_Handler
 .text.DebugMon_Handler
                0x0000000008001614        0xe Core/Src/stm32f4xx_it.o
                0x0000000008001614                DebugMon_Handler
 .text.PendSV_Handler
                0x0000000008001622        0xe Core/Src/stm32f4xx_it.o
                0x0000000008001622                PendSV_Handler
 .text.SysTick_Handler
                0x0000000008001630        0xc Core/Src/stm32f4xx_it.o
                0x0000000008001630                SysTick_Handler
 .text.OTG_FS_IRQHandler
                0x000000000800163c       0x14 Core/Src/stm32f4xx_it.o
                0x000000000800163c                OTG_FS_IRQHandler
 .text._sbrk    0x0000000008001650       0x58 Core/Src/sysmem.o
                0x0000000008001650                _sbrk
 .text.SystemInit
                0x00000000080016a8       0x2c Core/Src/system_stm32f4xx.o
                0x00000000080016a8                SystemInit
 .text.Reset_Handler
                0x00000000080016d4       0x50 Core/Startup/startup_stm32f407vgtx.o
                0x00000000080016d4                Reset_Handler
 .text.Default_Handler
                0x0000000008001724        0x2 Core/Startup/startup_stm32f407vgtx.o
                0x0000000008001724                RTC_Alarm_IRQHandler
                0x0000000008001724                HASH_RNG_IRQHandler
                0x0000000008001724                EXTI2_IRQHandler
                0x0000000008001724                TIM8_CC_IRQHandler
                0x0000000008001724                TIM1_CC_IRQHandler
                0x0000000008001724                DMA2_Stream5_IRQHandler
                0x0000000008001724                DMA1_Stream5_IRQHandler
                0x0000000008001724                PVD_IRQHandler
                0x0000000008001724                SDIO_IRQHandler
                0x0000000008001724                TAMP_STAMP_IRQHandler
                0x0000000008001724                CAN2_RX1_IRQHandler
                0x0000000008001724                EXTI3_IRQHandler
                0x0000000008001724                TIM8_TRG_COM_TIM14_IRQHandler
                0x0000000008001724                TIM1_UP_TIM10_IRQHandler
                0x0000000008001724                TIM8_UP_TIM13_IRQHandler
                0x0000000008001724                I2C3_ER_IRQHandler
                0x0000000008001724                EXTI0_IRQHandler
                0x0000000008001724                I2C2_EV_IRQHandler
                0x0000000008001724                DMA1_Stream2_IRQHandler
                0x0000000008001724                CAN1_RX0_IRQHandler
                0x0000000008001724                FPU_IRQHandler
                0x0000000008001724                OTG_HS_WKUP_IRQHandler
                0x0000000008001724                CAN2_SCE_IRQHandler
                0x0000000008001724                DMA2_Stream2_IRQHandler
                0x0000000008001724                SPI1_IRQHandler
                0x0000000008001724                TIM6_DAC_IRQHandler
                0x0000000008001724                TIM1_BRK_TIM9_IRQHandler
                0x0000000008001724                DCMI_IRQHandler
                0x0000000008001724                CAN2_RX0_IRQHandler
                0x0000000008001724                DMA2_Stream3_IRQHandler
                0x0000000008001724                USART6_IRQHandler
                0x0000000008001724                USART3_IRQHandler
                0x0000000008001724                CAN1_RX1_IRQHandler
                0x0000000008001724                UART5_IRQHandler
                0x0000000008001724                DMA2_Stream0_IRQHandler
                0x0000000008001724                TIM4_IRQHandler
                0x0000000008001724                I2C1_EV_IRQHandler
                0x0000000008001724                DMA1_Stream6_IRQHandler
                0x0000000008001724                DMA1_Stream1_IRQHandler
                0x0000000008001724                UART4_IRQHandler
                0x0000000008001724                TIM3_IRQHandler
                0x0000000008001724                RCC_IRQHandler
                0x0000000008001724                TIM8_BRK_TIM12_IRQHandler
                0x0000000008001724                Default_Handler
                0x0000000008001724                EXTI15_10_IRQHandler
                0x0000000008001724                ADC_IRQHandler
                0x0000000008001724                DMA1_Stream7_IRQHandler
                0x0000000008001724                TIM7_IRQHandler
                0x0000000008001724                CAN2_TX_IRQHandler
                0x0000000008001724                TIM5_IRQHandler
                0x0000000008001724                DMA2_Stream7_IRQHandler
                0x0000000008001724                I2C3_EV_IRQHandler
                0x0000000008001724                EXTI9_5_IRQHandler
                0x0000000008001724                RTC_WKUP_IRQHandler
                0x0000000008001724                ETH_WKUP_IRQHandler
                0x0000000008001724                SPI2_IRQHandler
                0x0000000008001724                OTG_HS_EP1_IN_IRQHandler
                0x0000000008001724                DMA1_Stream0_IRQHandler
                0x0000000008001724                CAN1_TX_IRQHandler
                0x0000000008001724                EXTI4_IRQHandler
                0x0000000008001724                FSMC_IRQHandler
                0x0000000008001724                ETH_IRQHandler
                0x0000000008001724                OTG_HS_EP1_OUT_IRQHandler
                0x0000000008001724                WWDG_IRQHandler
                0x0000000008001724                TIM2_IRQHandler
                0x0000000008001724                OTG_FS_WKUP_IRQHandler
                0x0000000008001724                TIM1_TRG_COM_TIM11_IRQHandler
                0x0000000008001724                OTG_HS_IRQHandler
                0x0000000008001724                EXTI1_IRQHandler
                0x0000000008001724                USART2_IRQHandler
                0x0000000008001724                I2C2_ER_IRQHandler
                0x0000000008001724                DMA2_Stream1_IRQHandler
                0x0000000008001724                CAN1_SCE_IRQHandler
                0x0000000008001724                FLASH_IRQHandler
                0x0000000008001724                DMA2_Stream4_IRQHandler
                0x0000000008001724                USART1_IRQHandler
                0x0000000008001724                SPI3_IRQHandler
                0x0000000008001724                DMA1_Stream4_IRQHandler
                0x0000000008001724                I2C1_ER_IRQHandler
                0x0000000008001724                DMA2_Stream6_IRQHandler
                0x0000000008001724                DMA1_Stream3_IRQHandler
 *fill*         0x0000000008001726        0x2 
 .text.HAL_Init
                0x0000000008001728       0x44 Drivers/STM32F4xx_HAL_Driver/Src/stm32f4xx_hal.o
                0x0000000008001728                HAL_Init
 .text.HAL_InitTick
                0x000000000800176c       0x60 Drivers/STM32F4xx_HAL_Driver/Src/stm32f4xx_hal.o
                0x000000000800176c                HAL_InitTick
 .text.HAL_IncTick
                0x00000000080017cc       0x28 Drivers/STM32F4xx_HAL_Driver/Src/stm32f4xx_hal.o
                0x00000000080017cc                HAL_IncTick
 .text.HAL_GetTick
                0x00000000080017f4       0x18 Drivers/STM32F4xx_HAL_Driver/Src/stm32f4xx_hal.o
                0x00000000080017f4                HAL_GetTick
 .text.HAL_Delay
                0x000000000800180c       0x44 Drivers/STM32F4xx_HAL_Driver/Src/stm32f4xx_hal.o
                0x000000000800180c                HAL_Delay
 .text.__NVIC_SetPriorityGrouping
                0x0000000008001850       0x48 Drivers/STM32F4xx_HAL_Driver/Src/stm32f4xx_hal_cortex.o
 .text.__NVIC_GetPriorityGrouping
                0x0000000008001898       0x1c Drivers/STM32F4xx_HAL_Driver/Src/stm32f4xx_hal_cortex.o
 .text.__NVIC_EnableIRQ
                0x00000000080018b4       0x3c Drivers/STM32F4xx_HAL_Driver/Src/stm32f4xx_hal_cortex.o
 .text.__NVIC_SetPriority
                0x00000000080018f0       0x54 Drivers/STM32F4xx_HAL_Driver/Src/stm32f4xx_hal_cortex.o
 .text.NVIC_EncodePriority
                0x0000000008001944       0x66 Drivers/STM32F4xx_HAL_Driver/Src/stm32f4xx_hal_cortex.o
 *fill*         0x00000000080019aa        0x2 
 .text.SysTick_Config
                0x00000000080019ac       0x44 Drivers/STM32F4xx_HAL_Driver/Src/stm32f4xx_hal_cortex.o
 .text.HAL_NVIC_SetPriorityGrouping
                0x00000000080019f0       0x16 Drivers/STM32F4xx_HAL_Driver/Src/stm32f4xx_hal_cortex.o
                0x00000000080019f0                HAL_NVIC_SetPriorityGrouping
 .text.HAL_NVIC_SetPriority
                0x0000000008001a06       0x38 Drivers/STM32F4xx_HAL_Driver/Src/stm32f4xx_hal_cortex.o
                0x0000000008001a06                HAL_NVIC_SetPriority
 .text.HAL_NVIC_EnableIRQ
                0x0000000008001a3e       0x1c Drivers/STM32F4xx_HAL_Driver/Src/stm32f4xx_hal_cortex.o
                0x0000000008001a3e                HAL_NVIC_EnableIRQ
 .text.HAL_SYSTICK_Config
                0x0000000008001a5a       0x18 Drivers/STM32F4xx_HAL_Driver/Src/stm32f4xx_hal_cortex.o
                0x0000000008001a5a                HAL_SYSTICK_Config
 *fill*         0x0000000008001a72        0x2 
 .text.HAL_GPIO_Init
                0x0000000008001a74      0x334 Drivers/STM32F4xx_HAL_Driver/Src/stm32f4xx_hal_gpio.o
                0x0000000008001a74                HAL_GPIO_Init
 .text.HAL_GPIO_ReadPin
                0x0000000008001da8       0x30 Drivers/STM32F4xx_HAL_Driver/Src/stm32f4xx_hal_gpio.o
                0x0000000008001da8                HAL_GPIO_ReadPin
 .text.HAL_GPIO_WritePin
                0x0000000008001dd8       0x32 Drivers/STM32F4xx_HAL_Driver/Src/stm32f4xx_hal_gpio.o
                0x0000000008001dd8                HAL_GPIO_WritePin
 .text.HAL_HCD_Init
                0x0000000008001e0a       0xc4 Drivers/STM32F4xx_HAL_Driver/Src/stm32f4xx_hal_hcd.o
                0x0000000008001e0a                HAL_HCD_Init
 .text.HAL_HCD_HC_Init
                0x0000000008001ece      0x130 Drivers/STM32F4xx_HAL_Driver/Src/stm32f4xx_hal_hcd.o
                0x0000000008001ece                HAL_HCD_HC_Init
 .text.HAL_HCD_HC_Halt
                0x0000000008001ffe       0x46 Drivers/STM32F4xx_HAL_Driver/Src/stm32f4xx_hal_hcd.o
                0x0000000008001ffe                HAL_HCD_HC_Halt
 .text.HAL_HCD_HC_SubmitRequest
                0x0000000008002044      0x2d0 Drivers/STM32F4xx_HAL_Driver/Src/stm32f4xx_hal_hcd.o
                0x0000000008002044                HAL_HCD_HC_SubmitRequest
 .text.HAL_HCD_IRQHandler
                0x0000000008002314      0x20c Drivers/STM32F4xx_HAL_Driver/Src/stm32f4xx_hal_hcd.o
                0x0000000008002314                HAL_HCD_IRQHandler
 .text.HAL_HCD_Start
                0x0000000008002520       0x46 Drivers/STM32F4xx_HAL_Driver/Src/stm32f4xx_hal_hcd.o
                0x0000000008002520                HAL_HCD_Start
 .text.HAL_HCD_Stop
                0x0000000008002566       0x3a Drivers/STM32F4xx_HAL_Driver/Src/stm32f4xx_hal_hcd.o
                0x0000000008002566                HAL_HCD_Stop
 .text.HAL_HCD_ResetPort
                0x00000000080025a0       0x1c Drivers/STM32F4xx_HAL_Driver/Src/stm32f4xx_hal_hcd.o
                0x00000000080025a0                HAL_HCD_ResetPort
 .text.HAL_HCD_HC_GetURBState
                0x00000000080025bc       0x2a Drivers/STM32F4xx_HAL_Driver/Src/stm32f4xx_hal_hcd.o
                0x00000000080025bc                HAL_HCD_HC_GetURBState
 .text.HAL_HCD_HC_GetXferCount
                0x00000000080025e6       0x2a Drivers/STM32F4xx_HAL_Driver/Src/stm32f4xx_hal_hcd.o
                0x00000000080025e6                HAL_HCD_HC_GetXferCount
 .text.HAL_HCD_GetCurrentFrame
                0x0000000008002610       0x1c Drivers/STM32F4xx_HAL_Driver/Src/stm32f4xx_hal_hcd.o
                0x0000000008002610                HAL_HCD_GetCurrentFrame
 .text.HAL_HCD_GetCurrentSpeed
                0x000000000800262c       0x1c Drivers/STM32F4xx_HAL_Driver/Src/stm32f4xx_hal_hcd.o
                0x000000000800262c                HAL_HCD_GetCurrentSpeed
 .text.HCD_HC_IN_IRQHandler
                0x0000000008002648      0x72e Drivers/STM32F4xx_HAL_Driver/Src/stm32f4xx_hal_hcd.o
 .text.HCD_HC_OUT_IRQHandler
                0x0000000008002d76      0x6ea Drivers/STM32F4xx_HAL_Driver/Src/stm32f4xx_hal_hcd.o
 .text.HCD_RXQLVL_IRQHandler
                0x0000000008003460      0x158 Drivers/STM32F4xx_HAL_Driver/Src/stm32f4xx_hal_hcd.o
 .text.HCD_Port_IRQHandler
                0x00000000080035b8      0x120 Drivers/STM32F4xx_HAL_Driver/Src/stm32f4xx_hal_hcd.o
 .text.HAL_I2C_Init
                0x00000000080036d8      0x270 Drivers/STM32F4xx_HAL_Driver/Src/stm32f4xx_hal_i2c.o
                0x00000000080036d8                HAL_I2C_Init
 .text.HAL_I2S_Init
                0x0000000008003948      0x280 Drivers/STM32F4xx_HAL_Driver/Src/stm32f4xx_hal_i2s.o
                0x0000000008003948                HAL_I2S_Init
 .text.HAL_I2S_TxCpltCallback
                0x0000000008003bc8       0x14 Drivers/STM32F4xx_HAL_Driver/Src/stm32f4xx_hal_i2s.o
                0x0000000008003bc8                HAL_I2S_TxCpltCallback
 .text.HAL_I2S_RxCpltCallback
                0x0000000008003bdc       0x14 Drivers/STM32F4xx_HAL_Driver/Src/stm32f4xx_hal_i2s.o
                0x0000000008003bdc                HAL_I2S_RxCpltCallback
 .text.HAL_I2S_ErrorCallback
                0x0000000008003bf0       0x14 Drivers/STM32F4xx_HAL_Driver/Src/stm32f4xx_hal_i2s.o
                0x0000000008003bf0                HAL_I2S_ErrorCallback
 .text.I2S_Transmit_IT
                0x0000000008003c04       0x5c Drivers/STM32F4xx_HAL_Driver/Src/stm32f4xx_hal_i2s.o
 .text.I2S_Receive_IT
                0x0000000008003c60       0x5e Drivers/STM32F4xx_HAL_Driver/Src/stm32f4xx_hal_i2s.o
 .text.I2S_IRQHandler
                0x0000000008003cbe      0x114 Drivers/STM32F4xx_HAL_Driver/Src/stm32f4xx_hal_i2s.o
 *fill*         0x0000000008003dd2        0x2 
 .text.HAL_I2SEx_FullDuplex_IRQHandler
                0x0000000008003dd4      0x2a8 Drivers/STM32F4xx_HAL_Driver/Src/stm32f4xx_hal_i2s_ex.o
                0x0000000008003dd4                HAL_I2SEx_FullDuplex_IRQHandler
 .text.HAL_I2SEx_TxRxCpltCallback
                0x000000000800407c       0x14 Drivers/STM32F4xx_HAL_Driver/Src/stm32f4xx_hal_i2s_ex.o
                0x000000000800407c                HAL_I2SEx_TxRxCpltCallback
 .text.I2SEx_TxISR_I2S
                0x0000000008004090       0x62 Drivers/STM32F4xx_HAL_Driver/Src/stm32f4xx_hal_i2s_ex.o
 *fill*         0x00000000080040f2        0x2 
 .text.I2SEx_TxISR_I2SExt
                0x00000000080040f4       0x98 Drivers/STM32F4xx_HAL_Driver/Src/stm32f4xx_hal_i2s_ex.o
 .text.I2SEx_RxISR_I2S
                0x000000000800418c       0x64 Drivers/STM32F4xx_HAL_Driver/Src/stm32f4xx_hal_i2s_ex.o
 .text.I2SEx_RxISR_I2SExt
                0x00000000080041f0       0x98 Drivers/STM32F4xx_HAL_Driver/Src/stm32f4xx_hal_i2s_ex.o
 .text.HAL_RCC_OscConfig
                0x0000000008004288      0x4e0 Drivers/STM32F4xx_HAL_Driver/Src/stm32f4xx_hal_rcc.o
                0x0000000008004288                HAL_RCC_OscConfig
 .text.HAL_RCC_ClockConfig
                0x0000000008004768      0x1cc Drivers/STM32F4xx_HAL_Driver/Src/stm32f4xx_hal_rcc.o
                0x0000000008004768                HAL_RCC_ClockConfig
 .text.HAL_RCC_GetSysClockFreq
                0x0000000008004934      0x1b0 Drivers/STM32F4xx_HAL_Driver/Src/stm32f4xx_hal_rcc.o
                0x0000000008004934                HAL_RCC_GetSysClockFreq
 .text.HAL_RCC_GetHCLKFreq
                0x0000000008004ae4       0x18 Drivers/STM32F4xx_HAL_Driver/Src/stm32f4xx_hal_rcc.o
                0x0000000008004ae4                HAL_RCC_GetHCLKFreq
 .text.HAL_RCC_GetPCLK1Freq
                0x0000000008004afc       0x28 Drivers/STM32F4xx_HAL_Driver/Src/stm32f4xx_hal_rcc.o
                0x0000000008004afc                HAL_RCC_GetPCLK1Freq
 .text.HAL_RCC_GetPCLK2Freq
                0x0000000008004b24       0x28 Drivers/STM32F4xx_HAL_Driver/Src/stm32f4xx_hal_rcc.o
                0x0000000008004b24                HAL_RCC_GetPCLK2Freq
 .text.HAL_RCCEx_PeriphCLKConfig
                0x0000000008004b4c      0x1c4 Drivers/STM32F4xx_HAL_Driver/Src/stm32f4xx_hal_rcc_ex.o
                0x0000000008004b4c                HAL_RCCEx_PeriphCLKConfig
 .text.HAL_RCCEx_GetPeriphCLKFreq
                0x0000000008004d10       0xb8 Drivers/STM32F4xx_HAL_Driver/Src/stm32f4xx_hal_rcc_ex.o
                0x0000000008004d10                HAL_RCCEx_GetPeriphCLKFreq
 .text.HAL_SPI_Init
                0x0000000008004dc8       0xc8 Drivers/STM32F4xx_HAL_Driver/Src/stm32f4xx_hal_spi.o
                0x0000000008004dc8                HAL_SPI_Init
 .text.HAL_UART_Init
                0x0000000008004e90       0x9a Drivers/STM32F4xx_HAL_Driver/Src/stm32f4xx_hal_uart.o
                0x0000000008004e90                HAL_UART_Init
 *fill*         0x0000000008004f2a        0x2 
 .text.UART_SetConfig
                0x0000000008004f2c      0x6f8 Drivers/STM32F4xx_HAL_Driver/Src/stm32f4xx_hal_uart.o
 .text.USB_CoreInit
                0x0000000008005624       0xc2 Drivers/STM32F4xx_HAL_Driver/Src/stm32f4xx_ll_usb.o
                0x0000000008005624                USB_CoreInit
 .text.USB_EnableGlobalInt
                0x00000000080056e6       0x22 Drivers/STM32F4xx_HAL_Driver/Src/stm32f4xx_ll_usb.o
                0x00000000080056e6                USB_EnableGlobalInt
 .text.USB_DisableGlobalInt
                0x0000000008005708       0x22 Drivers/STM32F4xx_HAL_Driver/Src/stm32f4xx_ll_usb.o
                0x0000000008005708                USB_DisableGlobalInt
 .text.USB_SetCurrentMode
                0x000000000800572a       0x54 Drivers/STM32F4xx_HAL_Driver/Src/stm32f4xx_ll_usb.o
                0x000000000800572a                USB_SetCurrentMode
 *fill*         0x000000000800577e        0x2 
 .text.USB_FlushTxFifo
                0x0000000008005780       0x4c Drivers/STM32F4xx_HAL_Driver/Src/stm32f4xx_ll_usb.o
                0x0000000008005780                USB_FlushTxFifo
 .text.USB_FlushRxFifo
                0x00000000080057cc       0x44 Drivers/STM32F4xx_HAL_Driver/Src/stm32f4xx_ll_usb.o
                0x00000000080057cc                USB_FlushRxFifo
 .text.USB_WritePacket
                0x0000000008005810       0x6a Drivers/STM32F4xx_HAL_Driver/Src/stm32f4xx_ll_usb.o
                0x0000000008005810                USB_WritePacket
 .text.USB_ReadPacket
                0x000000000800587a       0x52 Drivers/STM32F4xx_HAL_Driver/Src/stm32f4xx_ll_usb.o
                0x000000000800587a                USB_ReadPacket
 .text.USB_ReadInterrupts
                0x00000000080058cc       0x26 Drivers/STM32F4xx_HAL_Driver/Src/stm32f4xx_ll_usb.o
                0x00000000080058cc                USB_ReadInterrupts
 .text.USB_GetMode
                0x00000000080058f2       0x1c Drivers/STM32F4xx_HAL_Driver/Src/stm32f4xx_ll_usb.o
                0x00000000080058f2                USB_GetMode
 *fill*         0x000000000800590e        0x2 
 .text.USB_CoreReset
                0x0000000008005910       0x68 Drivers/STM32F4xx_HAL_Driver/Src/stm32f4xx_ll_usb.o
 .text.USB_HostInit
                0x0000000008005978      0x178 Drivers/STM32F4xx_HAL_Driver/Src/stm32f4xx_ll_usb.o
                0x0000000008005978                USB_HostInit
 .text.USB_InitFSLSPClkSel
                0x0000000008005af0       0x74 Drivers/STM32F4xx_HAL_Driver/Src/stm32f4xx_ll_usb.o
                0x0000000008005af0                USB_InitFSLSPClkSel
 .text.USB_ResetPort
                0x0000000008005b64       0x54 Drivers/STM32F4xx_HAL_Driver/Src/stm32f4xx_ll_usb.o
                0x0000000008005b64                USB_ResetPort
 .text.USB_DriveVbus
                0x0000000008005bb8       0x72 Drivers/STM32F4xx_HAL_Driver/Src/stm32f4xx_ll_usb.o
                0x0000000008005bb8                USB_DriveVbus
 .text.USB_GetHostSpeed
                0x0000000008005c2a       0x2e Drivers/STM32F4xx_HAL_Driver/Src/stm32f4xx_ll_usb.o
                0x0000000008005c2a                USB_GetHostSpeed
 .text.USB_GetCurrentFrame
                0x0000000008005c58       0x22 Drivers/STM32F4xx_HAL_Driver/Src/stm32f4xx_ll_usb.o
                0x0000000008005c58                USB_GetCurrentFrame
 *fill*         0x0000000008005c7a        0x2 
 .text.USB_HC_Init
                0x0000000008005c7c      0x214 Drivers/STM32F4xx_HAL_Driver/Src/stm32f4xx_ll_usb.o
                0x0000000008005c7c                USB_HC_Init
 .text.USB_HC_StartXfer
                0x0000000008005e90      0x288 Drivers/STM32F4xx_HAL_Driver/Src/stm32f4xx_ll_usb.o
                0x0000000008005e90                USB_HC_StartXfer
 .text.USB_HC_ReadInterrupt
                0x0000000008006118       0x22 Drivers/STM32F4xx_HAL_Driver/Src/stm32f4xx_ll_usb.o
                0x0000000008006118                USB_HC_ReadInterrupt
 .text.USB_HC_Halt
                0x000000000800613a      0x1fe Drivers/STM32F4xx_HAL_Driver/Src/stm32f4xx_ll_usb.o
                0x000000000800613a                USB_HC_Halt
 .text.USB_DoPing
                0x0000000008006338       0x78 Drivers/STM32F4xx_HAL_Driver/Src/stm32f4xx_ll_usb.o
                0x0000000008006338                USB_DoPing
 .text.USB_StopHost
                0x00000000080063b0      0x10c Drivers/STM32F4xx_HAL_Driver/Src/stm32f4xx_ll_usb.o
                0x00000000080063b0                USB_StopHost
 .text.USBH_CDC_InterfaceInit
                0x00000000080064bc      0x282 Middlewares/ST/STM32_USB_Host_Library/Class/CDC/Src/usbh_cdc.o
 .text.USBH_CDC_InterfaceDeInit
                0x000000000800673e       0xb2 Middlewares/ST/STM32_USB_Host_Library/Class/CDC/Src/usbh_cdc.o
 .text.USBH_CDC_ClassRequest
                0x00000000080067f0       0x42 Middlewares/ST/STM32_USB_Host_Library/Class/CDC/Src/usbh_cdc.o
 *fill*         0x0000000008006832        0x2 
 .text.USBH_CDC_Process
                0x0000000008006834      0x12c Middlewares/ST/STM32_USB_Host_Library/Class/CDC/Src/usbh_cdc.o
 .text.USBH_CDC_SOFProcess
                0x0000000008006960       0x16 Middlewares/ST/STM32_USB_Host_Library/Class/CDC/Src/usbh_cdc.o
 .text.GetLineCoding
                0x0000000008006976       0x3e Middlewares/ST/STM32_USB_Host_Library/Class/CDC/Src/usbh_cdc.o
 .text.SetLineCoding
                0x00000000080069b4       0x3e Middlewares/ST/STM32_USB_Host_Library/Class/CDC/Src/usbh_cdc.o
 .text.CDC_ProcessTransmission
                0x00000000080069f2       0xf0 Middlewares/ST/STM32_USB_Host_Library/Class/CDC/Src/usbh_cdc.o
 .text.CDC_ProcessReception
                0x0000000008006ae2       0xb6 Middlewares/ST/STM32_USB_Host_Library/Class/CDC/Src/usbh_cdc.o
 .text.USBH_CDC_TransmitCallback
                0x0000000008006b98       0x14 Middlewares/ST/STM32_USB_Host_Library/Class/CDC/Src/usbh_cdc.o
                0x0000000008006b98                USBH_CDC_TransmitCallback
 .text.USBH_CDC_ReceiveCallback
                0x0000000008006bac       0x14 Middlewares/ST/STM32_USB_Host_Library/Class/CDC/Src/usbh_cdc.o
                0x0000000008006bac                USBH_CDC_ReceiveCallback
 .text.USBH_CDC_LineCodingChanged
                0x0000000008006bc0       0x14 Middlewares/ST/STM32_USB_Host_Library/Class/CDC/Src/usbh_cdc.o
                0x0000000008006bc0                USBH_CDC_LineCodingChanged
 .text.USBH_Init
                0x0000000008006bd4       0x54 Middlewares/ST/STM32_USB_Host_Library/Core/Src/usbh_core.o
                0x0000000008006bd4                USBH_Init
 .text.DeInitStateMachine
                0x0000000008006c28       0x92 Middlewares/ST/STM32_USB_Host_Library/Core/Src/usbh_core.o
 .text.USBH_RegisterClass
                0x0000000008006cba       0x56 Middlewares/ST/STM32_USB_Host_Library/Core/Src/usbh_core.o
                0x0000000008006cba                USBH_RegisterClass
 .text.USBH_SelectInterface
                0x0000000008006d10       0x38 Middlewares/ST/STM32_USB_Host_Library/Core/Src/usbh_core.o
                0x0000000008006d10                USBH_SelectInterface
 .text.USBH_FindInterface
                0x0000000008006d48       0x8c Middlewares/ST/STM32_USB_Host_Library/Core/Src/usbh_core.o
                0x0000000008006d48                USBH_FindInterface
 .text.USBH_Start
                0x0000000008006dd4       0x20 Middlewares/ST/STM32_USB_Host_Library/Core/Src/usbh_core.o
                0x0000000008006dd4                USBH_Start
 .text.USBH_Process
                0x0000000008006df4      0x310 Middlewares/ST/STM32_USB_Host_Library/Core/Src/usbh_core.o
                0x0000000008006df4                USBH_Process
 .text.USBH_HandleEnum
                0x0000000008007104      0x234 Middlewares/ST/STM32_USB_Host_Library/Core/Src/usbh_core.o
 .text.USBH_LL_SetTimer
                0x0000000008007338       0x1e Middlewares/ST/STM32_USB_Host_Library/Core/Src/usbh_core.o
                0x0000000008007338                USBH_LL_SetTimer
 .text.USBH_LL_IncTimer
                0x0000000008007356       0x24 Middlewares/ST/STM32_USB_Host_Library/Core/Src/usbh_core.o
                0x0000000008007356                USBH_LL_IncTimer
 .text.USBH_HandleSof
                0x000000000800737a       0x30 Middlewares/ST/STM32_USB_Host_Library/Core/Src/usbh_core.o
 .text.USBH_LL_PortEnabled
                0x00000000080073aa       0x1c Middlewares/ST/STM32_USB_Host_Library/Core/Src/usbh_core.o
                0x00000000080073aa                USBH_LL_PortEnabled
 .text.USBH_LL_PortDisabled
                0x00000000080073c6       0x1c Middlewares/ST/STM32_USB_Host_Library/Core/Src/usbh_core.o
                0x00000000080073c6                USBH_LL_PortDisabled
 .text.USBH_IsPortEnabled
                0x00000000080073e2       0x1a Middlewares/ST/STM32_USB_Host_Library/Core/Src/usbh_core.o
                0x00000000080073e2                USBH_IsPortEnabled
 .text.USBH_LL_Connect
                0x00000000080073fc       0x4c Middlewares/ST/STM32_USB_Host_Library/Core/Src/usbh_core.o
                0x00000000080073fc                USBH_LL_Connect
 .text.USBH_LL_Disconnect
                0x0000000008007448       0x5a Middlewares/ST/STM32_USB_Host_Library/Core/Src/usbh_core.o
                0x0000000008007448                USBH_LL_Disconnect
 .text.USBH_Get_DevDesc
                0x00000000080074a2       0x50 Middlewares/ST/STM32_USB_Host_Library/Core/Src/usbh_ctlreq.o
                0x00000000080074a2                USBH_Get_DevDesc
 .text.USBH_Get_CfgDesc
                0x00000000080074f2       0x48 Middlewares/ST/STM32_USB_Host_Library/Core/Src/usbh_ctlreq.o
                0x00000000080074f2                USBH_Get_CfgDesc
 .text.USBH_Get_StringDesc
                0x000000000800753a       0x56 Middlewares/ST/STM32_USB_Host_Library/Core/Src/usbh_ctlreq.o
                0x000000000800753a                USBH_Get_StringDesc
 .text.USBH_GetDescriptor
                0x0000000008007590       0x6a Middlewares/ST/STM32_USB_Host_Library/Core/Src/usbh_ctlreq.o
                0x0000000008007590                USBH_GetDescriptor
 .text.USBH_SetAddress
                0x00000000080075fa       0x48 Middlewares/ST/STM32_USB_Host_Library/Core/Src/usbh_ctlreq.o
                0x00000000080075fa                USBH_SetAddress
 .text.USBH_SetCfg
                0x0000000008007642       0x46 Middlewares/ST/STM32_USB_Host_Library/Core/Src/usbh_ctlreq.o
                0x0000000008007642                USBH_SetCfg
 .text.USBH_SetFeature
                0x0000000008007688       0x48 Middlewares/ST/STM32_USB_Host_Library/Core/Src/usbh_ctlreq.o
                0x0000000008007688                USBH_SetFeature
 .text.USBH_ClrFeature
                0x00000000080076d0       0x48 Middlewares/ST/STM32_USB_Host_Library/Core/Src/usbh_ctlreq.o
                0x00000000080076d0                USBH_ClrFeature
 .text.USBH_ParseDevDesc
                0x0000000008007718       0xe0 Middlewares/ST/STM32_USB_Host_Library/Core/Src/usbh_ctlreq.o
 .text.USBH_ParseCfgDesc
                0x00000000080077f8      0x144 Middlewares/ST/STM32_USB_Host_Library/Core/Src/usbh_ctlreq.o
 .text.USBH_ParseInterfaceDesc
                0x000000000800793c       0x5e Middlewares/ST/STM32_USB_Host_Library/Core/Src/usbh_ctlreq.o
 .text.USBH_ParseEPDesc
                0x000000000800799a       0x5a Middlewares/ST/STM32_USB_Host_Library/Core/Src/usbh_ctlreq.o
 .text.USBH_ParseStringDesc
                0x00000000080079f4       0x66 Middlewares/ST/STM32_USB_Host_Library/Core/Src/usbh_ctlreq.o
 .text.USBH_GetNextDesc
                0x0000000008007a5a       0x36 Middlewares/ST/STM32_USB_Host_Library/Core/Src/usbh_ctlreq.o
                0x0000000008007a5a                USBH_GetNextDesc
 .text.USBH_CtlReq
                0x0000000008007a90       0x94 Middlewares/ST/STM32_USB_Host_Library/Core/Src/usbh_ctlreq.o
                0x0000000008007a90                USBH_CtlReq
 .text.USBH_HandleControl
                0x0000000008007b24      0x2d4 Middlewares/ST/STM32_USB_Host_Library/Core/Src/usbh_ctlreq.o
 .text.USBH_CtlSendSetup
                0x0000000008007df8       0x34 Middlewares/ST/STM32_USB_Host_Library/Core/Src/usbh_ioreq.o
                0x0000000008007df8                USBH_CtlSendSetup
 .text.USBH_CtlSendData
                0x0000000008007e2c       0x4a Middlewares/ST/STM32_USB_Host_Library/Core/Src/usbh_ioreq.o
                0x0000000008007e2c                USBH_CtlSendData
 .text.USBH_CtlReceiveData
                0x0000000008007e76       0x3c Middlewares/ST/STM32_USB_Host_Library/Core/Src/usbh_ioreq.o
                0x0000000008007e76                USBH_CtlReceiveData
 .text.USBH_BulkSendData
                0x0000000008007eb2       0x4a Middlewares/ST/STM32_USB_Host_Library/Core/Src/usbh_ioreq.o
                0x0000000008007eb2                USBH_BulkSendData
 .text.USBH_BulkReceiveData
                0x0000000008007efc       0x3c Middlewares/ST/STM32_USB_Host_Library/Core/Src/usbh_ioreq.o
                0x0000000008007efc                USBH_BulkReceiveData
 .text.USBH_OpenPipe
                0x0000000008007f38       0x3e Middlewares/ST/STM32_USB_Host_Library/Core/Src/usbh_pipes.o
                0x0000000008007f38                USBH_OpenPipe
 .text.USBH_ClosePipe
                0x0000000008007f76       0x20 Middlewares/ST/STM32_USB_Host_Library/Core/Src/usbh_pipes.o
                0x0000000008007f76                USBH_ClosePipe
 .text.USBH_AllocPipe
                0x0000000008007f96       0x3c Middlewares/ST/STM32_USB_Host_Library/Core/Src/usbh_pipes.o
                0x0000000008007f96                USBH_AllocPipe
 .text.USBH_FreePipe
                0x0000000008007fd2       0x38 Middlewares/ST/STM32_USB_Host_Library/Core/Src/usbh_pipes.o
                0x0000000008007fd2                USBH_FreePipe
 .text.USBH_GetFreePipe
                0x000000000800800a       0x46 Middlewares/ST/STM32_USB_Host_Library/Core/Src/usbh_pipes.o
 .text.MX_USB_HOST_Init
                0x0000000008008050       0x4c USB_HOST/App/usb_host.o
                0x0000000008008050                MX_USB_HOST_Init
 .text.MX_USB_HOST_Process
                0x000000000800809c       0x14 USB_HOST/App/usb_host.o
                0x000000000800809c                MX_USB_HOST_Process
 .text.USBH_UserProcess
                0x00000000080080b0       0x5c USB_HOST/App/usb_host.o
 .text.HAL_HCD_MspInit
                0x000000000800810c       0xc4 USB_HOST/Target/usbh_conf.o
                0x000000000800810c                HAL_HCD_MspInit
 .text.HAL_HCD_SOF_Callback
                0x00000000080081d0       0x1c USB_HOST/Target/usbh_conf.o
                0x00000000080081d0                HAL_HCD_SOF_Callback
 .text.HAL_HCD_Connect_Callback
                0x00000000080081ec       0x1c USB_HOST/Target/usbh_conf.o
                0x00000000080081ec                HAL_HCD_Connect_Callback
 .text.HAL_HCD_Disconnect_Callback
                0x0000000008008208       0x1c USB_HOST/Target/usbh_conf.o
                0x0000000008008208                HAL_HCD_Disconnect_Callback
 .text.HAL_HCD_HC_NotifyURBChange_Callback
                0x0000000008008224       0x1c USB_HOST/Target/usbh_conf.o
                0x0000000008008224                HAL_HCD_HC_NotifyURBChange_Callback
 .text.HAL_HCD_PortEnabled_Callback
                0x0000000008008240       0x1c USB_HOST/Target/usbh_conf.o
                0x0000000008008240                HAL_HCD_PortEnabled_Callback
 .text.HAL_HCD_PortDisabled_Callback
                0x000000000800825c       0x1c USB_HOST/Target/usbh_conf.o
                0x000000000800825c                HAL_HCD_PortDisabled_Callback
 .text.USBH_LL_Init
                0x0000000008008278       0x78 USB_HOST/Target/usbh_conf.o
                0x0000000008008278                USBH_LL_Init
 .text.USBH_LL_Start
                0x00000000080082f0       0x36 USB_HOST/Target/usbh_conf.o
                0x00000000080082f0                USBH_LL_Start
 .text.USBH_LL_Stop
                0x0000000008008326       0x36 USB_HOST/Target/usbh_conf.o
                0x0000000008008326                USBH_LL_Stop
 .text.USBH_LL_GetSpeed
                0x000000000800835c       0x4a USB_HOST/Target/usbh_conf.o
                0x000000000800835c                USBH_LL_GetSpeed
 .text.USBH_LL_ResetPort
                0x00000000080083a6       0x36 USB_HOST/Target/usbh_conf.o
                0x00000000080083a6                USBH_LL_ResetPort
 .text.USBH_LL_GetLastXferSize
                0x00000000080083dc       0x26 USB_HOST/Target/usbh_conf.o
                0x00000000080083dc                USBH_LL_GetLastXferSize
 .text.USBH_LL_OpenPipe
                0x0000000008008402       0x5e USB_HOST/Target/usbh_conf.o
                0x0000000008008402                USBH_LL_OpenPipe
 .text.USBH_LL_ClosePipe
                0x0000000008008460       0x3e USB_HOST/Target/usbh_conf.o
                0x0000000008008460                USBH_LL_ClosePipe
 .text.USBH_LL_SubmitURB
                0x000000000800849e       0x62 USB_HOST/Target/usbh_conf.o
                0x000000000800849e                USBH_LL_SubmitURB
 .text.USBH_LL_GetURBState
                0x0000000008008500       0x26 USB_HOST/Target/usbh_conf.o
                0x0000000008008500                USBH_LL_GetURBState
 .text.USBH_LL_DriverVBUS
                0x0000000008008526       0x2e USB_HOST/Target/usbh_conf.o
                0x0000000008008526                USBH_LL_DriverVBUS
 .text.USBH_LL_SetToggle
                0x0000000008008554       0x66 USB_HOST/Target/usbh_conf.o
                0x0000000008008554                USBH_LL_SetToggle
 .text.USBH_Delay
                0x00000000080085ba       0x16 USB_HOST/Target/usbh_conf.o
                0x00000000080085ba                USBH_Delay
 .text.USBH_Get_USB_Status
                0x00000000080085d0       0x58 USB_HOST/Target/usbh_conf.o
                0x00000000080085d0                USBH_Get_USB_Status
 .text.MX_DriverVbusFS
                0x0000000008008628       0x38 USB_HOST/Target/usbh_platform.o
                0x0000000008008628                MX_DriverVbusFS
 .text.__errno  0x0000000008008660        0xc c:/st/stm32cubeide_1.1.0/stm32cubeide/plugins/com.st.stm32cube.ide.mcu.externaltools.gnu-tools-for-stm32.7-2018-q2-update.win32_1.0.0.201904181610/tools/bin/../lib/gcc/arm-none-eabi/7.3.1/../../../../arm-none-eabi/lib/thumb/v7e-m/fpv4-sp/hard\libc_nano.a(lib_a-errno.o)
                0x0000000008008660                __errno
 .text.__libc_init_array
                0x000000000800866c       0x48 c:/st/stm32cubeide_1.1.0/stm32cubeide/plugins/com.st.stm32cube.ide.mcu.externaltools.gnu-tools-for-stm32.7-2018-q2-update.win32_1.0.0.201904181610/tools/bin/../lib/gcc/arm-none-eabi/7.3.1/../../../../arm-none-eabi/lib/thumb/v7e-m/fpv4-sp/hard\libc_nano.a(lib_a-init.o)
                0x000000000800866c                __libc_init_array
 .text.malloc   0x00000000080086b4       0x10 c:/st/stm32cubeide_1.1.0/stm32cubeide/plugins/com.st.stm32cube.ide.mcu.externaltools.gnu-tools-for-stm32.7-2018-q2-update.win32_1.0.0.201904181610/tools/bin/../lib/gcc/arm-none-eabi/7.3.1/../../../../arm-none-eabi/lib/thumb/v7e-m/fpv4-sp/hard\libc_nano.a(lib_a-malloc.o)
                0x00000000080086b4                malloc
 .text.free     0x00000000080086c4       0x10 c:/st/stm32cubeide_1.1.0/stm32cubeide/plugins/com.st.stm32cube.ide.mcu.externaltools.gnu-tools-for-stm32.7-2018-q2-update.win32_1.0.0.201904181610/tools/bin/../lib/gcc/arm-none-eabi/7.3.1/../../../../arm-none-eabi/lib/thumb/v7e-m/fpv4-sp/hard\libc_nano.a(lib_a-malloc.o)
                0x00000000080086c4                free
 .text.memset   0x00000000080086d4       0x10 c:/st/stm32cubeide_1.1.0/stm32cubeide/plugins/com.st.stm32cube.ide.mcu.externaltools.gnu-tools-for-stm32.7-2018-q2-update.win32_1.0.0.201904181610/tools/bin/../lib/gcc/arm-none-eabi/7.3.1/../../../../arm-none-eabi/lib/thumb/v7e-m/fpv4-sp/hard\libc_nano.a(lib_a-memset.o)
                0x00000000080086d4                memset
 .text._free_r  0x00000000080086e4       0x9c c:/st/stm32cubeide_1.1.0/stm32cubeide/plugins/com.st.stm32cube.ide.mcu.externaltools.gnu-tools-for-stm32.7-2018-q2-update.win32_1.0.0.201904181610/tools/bin/../lib/gcc/arm-none-eabi/7.3.1/../../../../arm-none-eabi/lib/thumb/v7e-m/fpv4-sp/hard\libc_nano.a(lib_a-nano-freer.o)
                0x00000000080086e4                _free_r
 .text._malloc_r
                0x0000000008008780       0xb4 c:/st/stm32cubeide_1.1.0/stm32cubeide/plugins/com.st.stm32cube.ide.mcu.externaltools.gnu-tools-for-stm32.7-2018-q2-update.win32_1.0.0.201904181610/tools/bin/../lib/gcc/arm-none-eabi/7.3.1/../../../../arm-none-eabi/lib/thumb/v7e-m/fpv4-sp/hard\libc_nano.a(lib_a-nano-mallocr.o)
                0x0000000008008780                _malloc_r
 .text._sbrk_r  0x0000000008008834       0x20 c:/st/stm32cubeide_1.1.0/stm32cubeide/plugins/com.st.stm32cube.ide.mcu.externaltools.gnu-tools-for-stm32.7-2018-q2-update.win32_1.0.0.201904181610/tools/bin/../lib/gcc/arm-none-eabi/7.3.1/../../../../arm-none-eabi/lib/thumb/v7e-m/fpv4-sp/hard\libc_nano.a(lib_a-sbrkr.o)
                0x0000000008008834                _sbrk_r
 .text.__malloc_lock
                0x0000000008008854        0x2 c:/st/stm32cubeide_1.1.0/stm32cubeide/plugins/com.st.stm32cube.ide.mcu.externaltools.gnu-tools-for-stm32.7-2018-q2-update.win32_1.0.0.201904181610/tools/bin/../lib/gcc/arm-none-eabi/7.3.1/../../../../arm-none-eabi/lib/thumb/v7e-m/fpv4-sp/hard\libc_nano.a(lib_a-mlock.o)
                0x0000000008008854                __malloc_lock
 .text.__malloc_unlock
                0x0000000008008856        0x2 c:/st/stm32cubeide_1.1.0/stm32cubeide/plugins/com.st.stm32cube.ide.mcu.externaltools.gnu-tools-for-stm32.7-2018-q2-update.win32_1.0.0.201904181610/tools/bin/../lib/gcc/arm-none-eabi/7.3.1/../../../../arm-none-eabi/lib/thumb/v7e-m/fpv4-sp/hard\libc_nano.a(lib_a-mlock.o)
                0x0000000008008856                __malloc_unlock
 *(.glue_7)
 .glue_7        0x0000000008008858        0x0 linker stubs
 *(.glue_7t)
 .glue_7t       0x0000000008008858        0x0 linker stubs
 *(.eh_frame)
 .eh_frame      0x0000000008008858        0x0 c:/st/stm32cubeide_1.1.0/stm32cubeide/plugins/com.st.stm32cube.ide.mcu.externaltools.gnu-tools-for-stm32.7-2018-q2-update.win32_1.0.0.201904181610/tools/bin/../lib/gcc/arm-none-eabi/7.3.1/thumb/v7e-m/fpv4-sp/hard/crtbegin.o
 *(.init)
 .init          0x0000000008008858        0x4 c:/st/stm32cubeide_1.1.0/stm32cubeide/plugins/com.st.stm32cube.ide.mcu.externaltools.gnu-tools-for-stm32.7-2018-q2-update.win32_1.0.0.201904181610/tools/bin/../lib/gcc/arm-none-eabi/7.3.1/thumb/v7e-m/fpv4-sp/hard/crti.o
                0x0000000008008858                _init
 .init          0x000000000800885c        0x8 c:/st/stm32cubeide_1.1.0/stm32cubeide/plugins/com.st.stm32cube.ide.mcu.externaltools.gnu-tools-for-stm32.7-2018-q2-update.win32_1.0.0.201904181610/tools/bin/../lib/gcc/arm-none-eabi/7.3.1/thumb/v7e-m/fpv4-sp/hard/crtn.o
 *(.fini)
 .fini          0x0000000008008864        0x4 c:/st/stm32cubeide_1.1.0/stm32cubeide/plugins/com.st.stm32cube.ide.mcu.externaltools.gnu-tools-for-stm32.7-2018-q2-update.win32_1.0.0.201904181610/tools/bin/../lib/gcc/arm-none-eabi/7.3.1/thumb/v7e-m/fpv4-sp/hard/crti.o
                0x0000000008008864                _fini
 .fini          0x0000000008008868        0x8 c:/st/stm32cubeide_1.1.0/stm32cubeide/plugins/com.st.stm32cube.ide.mcu.externaltools.gnu-tools-for-stm32.7-2018-q2-update.win32_1.0.0.201904181610/tools/bin/../lib/gcc/arm-none-eabi/7.3.1/thumb/v7e-m/fpv4-sp/hard/crtn.o
                0x0000000008008870                . = ALIGN (0x4)
                0x0000000008008870                _etext = .

.vfp11_veneer   0x0000000008008870        0x0
 .vfp11_veneer  0x0000000008008870        0x0 linker stubs

.v4_bx          0x0000000008008870        0x0
 .v4_bx         0x0000000008008870        0x0 linker stubs

.iplt           0x0000000008008870        0x0
 .iplt          0x0000000008008870        0x0 c:/st/stm32cubeide_1.1.0/stm32cubeide/plugins/com.st.stm32cube.ide.mcu.externaltools.gnu-tools-for-stm32.7-2018-q2-update.win32_1.0.0.201904181610/tools/bin/../lib/gcc/arm-none-eabi/7.3.1/thumb/v7e-m/fpv4-sp/hard/crtbegin.o

.rodata         0x0000000008008870       0x1c
                0x0000000008008870                . = ALIGN (0x4)
 *(.rodata)
 .rodata        0x0000000008008870        0x4 Middlewares/ST/STM32_USB_Host_Library/Class/CDC/Src/usbh_cdc.o
 *(.rodata*)
 .rodata.AHBPrescTable
                0x0000000008008874       0x10 Core/Src/system_stm32f4xx.o
                0x0000000008008874                AHBPrescTable
 .rodata.APBPrescTable
                0x0000000008008884        0x8 Core/Src/system_stm32f4xx.o
                0x0000000008008884                APBPrescTable
                0x000000000800888c                . = ALIGN (0x4)

.ARM.extab      0x000000000800888c        0x0
                0x000000000800888c                . = ALIGN (0x4)
 *(.ARM.extab* .gnu.linkonce.armextab.*)
                0x000000000800888c                . = ALIGN (0x4)

.ARM            0x000000000800888c        0x8
                0x000000000800888c                . = ALIGN (0x4)
                0x000000000800888c                __exidx_start = .
 *(.ARM.exidx*)
 .ARM.exidx     0x000000000800888c        0x8 c:/st/stm32cubeide_1.1.0/stm32cubeide/plugins/com.st.stm32cube.ide.mcu.externaltools.gnu-tools-for-stm32.7-2018-q2-update.win32_1.0.0.201904181610/tools/bin/../lib/gcc/arm-none-eabi/7.3.1/thumb/v7e-m/fpv4-sp/hard\libgcc.a(_udivmoddi4.o)
                0x0000000008008894                __exidx_end = .
                0x0000000008008894                . = ALIGN (0x4)

.rel.dyn        0x0000000008008894        0x0
 .rel.iplt      0x0000000008008894        0x0 c:/st/stm32cubeide_1.1.0/stm32cubeide/plugins/com.st.stm32cube.ide.mcu.externaltools.gnu-tools-for-stm32.7-2018-q2-update.win32_1.0.0.201904181610/tools/bin/../lib/gcc/arm-none-eabi/7.3.1/thumb/v7e-m/fpv4-sp/hard/crtbegin.o

.preinit_array  0x0000000008008894        0x0
                0x0000000008008894                . = ALIGN (0x4)
                0x0000000008008894                PROVIDE (__preinit_array_start = .)
 *(.preinit_array*)
                0x0000000008008894                PROVIDE (__preinit_array_end = .)
                0x0000000008008894                . = ALIGN (0x4)

.init_array     0x0000000008008894        0x4
                0x0000000008008894                . = ALIGN (0x4)
                0x0000000008008894                PROVIDE (__init_array_start = .)
 *(SORT_BY_NAME(.init_array.*))
 *(.init_array*)
 .init_array    0x0000000008008894        0x4 c:/st/stm32cubeide_1.1.0/stm32cubeide/plugins/com.st.stm32cube.ide.mcu.externaltools.gnu-tools-for-stm32.7-2018-q2-update.win32_1.0.0.201904181610/tools/bin/../lib/gcc/arm-none-eabi/7.3.1/thumb/v7e-m/fpv4-sp/hard/crtbegin.o
                0x0000000008008898                PROVIDE (__init_array_end = .)
                0x0000000008008898                . = ALIGN (0x4)

.fini_array     0x0000000008008898        0x4
                0x0000000008008898                . = ALIGN (0x4)
                [!provide]                        PROVIDE (__fini_array_start = .)
 *(SORT_BY_NAME(.fini_array.*))
 *(.fini_array*)
 .fini_array    0x0000000008008898        0x4 c:/st/stm32cubeide_1.1.0/stm32cubeide/plugins/com.st.stm32cube.ide.mcu.externaltools.gnu-tools-for-stm32.7-2018-q2-update.win32_1.0.0.201904181610/tools/bin/../lib/gcc/arm-none-eabi/7.3.1/thumb/v7e-m/fpv4-sp/hard/crtbegin.o
                [!provide]                        PROVIDE (__fini_array_end = .)
                0x000000000800889c                . = ALIGN (0x4)
                0x000000000800889c                _sidata = LOADADDR (.data)

.data           0x0000000020000000       0x90 load address 0x000000000800889c
                0x0000000020000000                . = ALIGN (0x4)
                0x0000000020000000                _sdata = .
 *(.data)
 *(.data*)
 .data.SystemCoreClock
                0x0000000020000000        0x4 Core/Src/system_stm32f4xx.o
                0x0000000020000000                SystemCoreClock
 .data.uwTickPrio
                0x0000000020000004        0x4 Drivers/STM32F4xx_HAL_Driver/Src/stm32f4xx_hal.o
                0x0000000020000004                uwTickPrio
 .data.uwTickFreq
                0x0000000020000008        0x1 Drivers/STM32F4xx_HAL_Driver/Src/stm32f4xx_hal.o
                0x0000000020000008                uwTickFreq
 *fill*         0x0000000020000009        0x3 
 .data.CDC_Class
                0x000000002000000c       0x20 Middlewares/ST/STM32_USB_Host_Library/Class/CDC/Src/usbh_cdc.o
                0x000000002000000c                CDC_Class
 .data._impure_ptr
                0x000000002000002c        0x4 c:/st/stm32cubeide_1.1.0/stm32cubeide/plugins/com.st.stm32cube.ide.mcu.externaltools.gnu-tools-for-stm32.7-2018-q2-update.win32_1.0.0.201904181610/tools/bin/../lib/gcc/arm-none-eabi/7.3.1/../../../../arm-none-eabi/lib/thumb/v7e-m/fpv4-sp/hard\libc_nano.a(lib_a-impure.o)
                0x000000002000002c                _impure_ptr
 .data.impure_data
                0x0000000020000030       0x60 c:/st/stm32cubeide_1.1.0/stm32cubeide/plugins/com.st.stm32cube.ide.mcu.externaltools.gnu-tools-for-stm32.7-2018-q2-update.win32_1.0.0.201904181610/tools/bin/../lib/gcc/arm-none-eabi/7.3.1/../../../../arm-none-eabi/lib/thumb/v7e-m/fpv4-sp/hard\libc_nano.a(lib_a-impure.o)
                0x0000000020000090                . = ALIGN (0x4)
                0x0000000020000090                _edata = .

.igot.plt       0x0000000020000090        0x0 load address 0x000000000800892c
 .igot.plt      0x0000000020000090        0x0 c:/st/stm32cubeide_1.1.0/stm32cubeide/plugins/com.st.stm32cube.ide.mcu.externaltools.gnu-tools-for-stm32.7-2018-q2-update.win32_1.0.0.201904181610/tools/bin/../lib/gcc/arm-none-eabi/7.3.1/thumb/v7e-m/fpv4-sp/hard/crtbegin.o
                0x0000000020000090                . = ALIGN (0x4)

.bss            0x0000000020000090      0x7fc load address 0x000000000800892c
                0x0000000020000090                _sbss = .
                0x0000000020000090                __bss_start__ = _sbss
 *(.bss)
 .bss           0x0000000020000090       0x1c c:/st/stm32cubeide_1.1.0/stm32cubeide/plugins/com.st.stm32cube.ide.mcu.externaltools.gnu-tools-for-stm32.7-2018-q2-update.win32_1.0.0.201904181610/tools/bin/../lib/gcc/arm-none-eabi/7.3.1/thumb/v7e-m/fpv4-sp/hard/crtbegin.o
 *(.bss*)
 .bss.heap_end.6424
                0x00000000200000ac        0x4 Core/Src/sysmem.o
 .bss.tmpreg.8563
                0x00000000200000b0        0x4 Drivers/STM32F4xx_HAL_Driver/Src/stm32f4xx_ll_usb.o
 .bss.Appli_state
                0x00000000200000b4        0x1 USB_HOST/App/usb_host.o
                0x00000000200000b4                Appli_state
 *fill*         0x00000000200000b5        0x3 
 .bss.__malloc_free_list
                0x00000000200000b8        0x4 c:/st/stm32cubeide_1.1.0/stm32cubeide/plugins/com.st.stm32cube.ide.mcu.externaltools.gnu-tools-for-stm32.7-2018-q2-update.win32_1.0.0.201904181610/tools/bin/../lib/gcc/arm-none-eabi/7.3.1/../../../../arm-none-eabi/lib/thumb/v7e-m/fpv4-sp/hard\libc_nano.a(lib_a-nano-mallocr.o)
                0x00000000200000b8                __malloc_free_list
 .bss.__malloc_sbrk_start
                0x00000000200000bc        0x4 c:/st/stm32cubeide_1.1.0/stm32cubeide/plugins/com.st.stm32cube.ide.mcu.externaltools.gnu-tools-for-stm32.7-2018-q2-update.win32_1.0.0.201904181610/tools/bin/../lib/gcc/arm-none-eabi/7.3.1/../../../../arm-none-eabi/lib/thumb/v7e-m/fpv4-sp/hard\libc_nano.a(lib_a-nano-mallocr.o)
                0x00000000200000bc                __malloc_sbrk_start
 *(COMMON)
 COMMON         0x00000000200000c0      0x134 Core/Src/main.o
                0x00000000200000c0                hi2c1
                0x0000000020000114                hspi1
                0x000000002000016c                huart2
                0x00000000200001ac                hi2s3
 COMMON         0x00000000200001f4        0x4 Drivers/STM32F4xx_HAL_Driver/Src/stm32f4xx_hal.o
                0x00000000200001f4                uwTick
 COMMON         0x00000000200001f8      0x3cc USB_HOST/App/usb_host.o
                0x00000000200001f8                hUsbHostFS
 COMMON         0x00000000200005c4      0x2c4 USB_HOST/Target/usbh_conf.o
                0x00000000200005c4                hhcd_USB_OTG_FS
 COMMON         0x0000000020000888        0x4 c:/st/stm32cubeide_1.1.0/stm32cubeide/plugins/com.st.stm32cube.ide.mcu.externaltools.gnu-tools-for-stm32.7-2018-q2-update.win32_1.0.0.201904181610/tools/bin/../lib/gcc/arm-none-eabi/7.3.1/../../../../arm-none-eabi/lib/thumb/v7e-m/fpv4-sp/hard\libc_nano.a(lib_a-reent.o)
                0x0000000020000888                errno
                0x000000002000088c                . = ALIGN (0x4)
                0x000000002000088c                _ebss = .
                0x000000002000088c                __bss_end__ = _ebss

._user_heap_stack
                0x000000002000088c      0x604 load address 0x000000000800892c
                0x0000000020000890                . = ALIGN (0x8)
 *fill*         0x000000002000088c        0x4 
                0x0000000020000890                PROVIDE (end = .)
                [!provide]                        PROVIDE (_end = .)
                0x0000000020000a90                . = (. + _Min_Heap_Size)
 *fill*         0x0000000020000890      0x200 
                0x0000000020000e90                . = (. + _Min_Stack_Size)
 *fill*         0x0000000020000a90      0x400 
                0x0000000020000e90                . = ALIGN (0x8)

/DISCARD/
 libc.a(*)
 libm.a(*)
 libgcc.a(*)

.ARM.attributes
                0x0000000000000000       0x30
 *(.ARM.attributes)
 .ARM.attributes
                0x0000000000000000       0x22 c:/st/stm32cubeide_1.1.0/stm32cubeide/plugins/com.st.stm32cube.ide.mcu.externaltools.gnu-tools-for-stm32.7-2018-q2-update.win32_1.0.0.201904181610/tools/bin/../lib/gcc/arm-none-eabi/7.3.1/thumb/v7e-m/fpv4-sp/hard/crti.o
 .ARM.attributes
                0x0000000000000022       0x34 c:/st/stm32cubeide_1.1.0/stm32cubeide/plugins/com.st.stm32cube.ide.mcu.externaltools.gnu-tools-for-stm32.7-2018-q2-update.win32_1.0.0.201904181610/tools/bin/../lib/gcc/arm-none-eabi/7.3.1/thumb/v7e-m/fpv4-sp/hard/crtbegin.o
 .ARM.attributes
                0x0000000000000056       0x39 Core/Src/dwt_delay.o
 .ARM.attributes
                0x000000000000008f       0x39 Core/Src/main.o
 .ARM.attributes
                0x00000000000000c8       0x39 Core/Src/stm32f4xx_hal_msp.o
 .ARM.attributes
                0x0000000000000101       0x39 Core/Src/stm32f4xx_it.o
 .ARM.attributes
                0x000000000000013a       0x39 Core/Src/sysmem.o
 .ARM.attributes
                0x0000000000000173       0x39 Core/Src/system_stm32f4xx.o
 .ARM.attributes
                0x00000000000001ac       0x21 Core/Startup/startup_stm32f407vgtx.o
 .ARM.attributes
                0x00000000000001cd       0x39 Drivers/STM32F4xx_HAL_Driver/Src/stm32f4xx_hal.o
 .ARM.attributes
                0x0000000000000206       0x39 Drivers/STM32F4xx_HAL_Driver/Src/stm32f4xx_hal_cortex.o
 .ARM.attributes
                0x000000000000023f       0x39 Drivers/STM32F4xx_HAL_Driver/Src/stm32f4xx_hal_gpio.o
 .ARM.attributes
                0x0000000000000278       0x39 Drivers/STM32F4xx_HAL_Driver/Src/stm32f4xx_hal_hcd.o
 .ARM.attributes
                0x00000000000002b1       0x39 Drivers/STM32F4xx_HAL_Driver/Src/stm32f4xx_hal_i2c.o
 .ARM.attributes
                0x00000000000002ea       0x39 Drivers/STM32F4xx_HAL_Driver/Src/stm32f4xx_hal_i2s.o
 .ARM.attributes
                0x0000000000000323       0x39 Drivers/STM32F4xx_HAL_Driver/Src/stm32f4xx_hal_i2s_ex.o
 .ARM.attributes
                0x000000000000035c       0x39 Drivers/STM32F4xx_HAL_Driver/Src/stm32f4xx_hal_rcc.o
 .ARM.attributes
                0x0000000000000395       0x39 Drivers/STM32F4xx_HAL_Driver/Src/stm32f4xx_hal_rcc_ex.o
 .ARM.attributes
                0x00000000000003ce       0x39 Drivers/STM32F4xx_HAL_Driver/Src/stm32f4xx_hal_spi.o
 .ARM.attributes
                0x0000000000000407       0x39 Drivers/STM32F4xx_HAL_Driver/Src/stm32f4xx_hal_uart.o
 .ARM.attributes
                0x0000000000000440       0x39 Drivers/STM32F4xx_HAL_Driver/Src/stm32f4xx_ll_usb.o
 .ARM.attributes
                0x0000000000000479       0x39 Middlewares/ST/STM32_USB_Host_Library/Class/CDC/Src/usbh_cdc.o
 .ARM.attributes
                0x00000000000004b2       0x39 Middlewares/ST/STM32_USB_Host_Library/Core/Src/usbh_core.o
 .ARM.attributes
                0x00000000000004eb       0x39 Middlewares/ST/STM32_USB_Host_Library/Core/Src/usbh_ctlreq.o
 .ARM.attributes
                0x0000000000000524       0x39 Middlewares/ST/STM32_USB_Host_Library/Core/Src/usbh_ioreq.o
 .ARM.attributes
                0x000000000000055d       0x39 Middlewares/ST/STM32_USB_Host_Library/Core/Src/usbh_pipes.o
 .ARM.attributes
                0x0000000000000596       0x39 USB_HOST/App/usb_host.o
 .ARM.attributes
                0x00000000000005cf       0x39 USB_HOST/Target/usbh_conf.o
 .ARM.attributes
                0x0000000000000608       0x39 USB_HOST/Target/usbh_platform.o
 .ARM.attributes
                0x0000000000000641       0x34 c:/st/stm32cubeide_1.1.0/stm32cubeide/plugins/com.st.stm32cube.ide.mcu.externaltools.gnu-tools-for-stm32.7-2018-q2-update.win32_1.0.0.201904181610/tools/bin/../lib/gcc/arm-none-eabi/7.3.1/../../../../arm-none-eabi/lib/thumb/v7e-m/fpv4-sp/hard\libc_nano.a(lib_a-errno.o)
 .ARM.attributes
                0x0000000000000675       0x34 c:/st/stm32cubeide_1.1.0/stm32cubeide/plugins/com.st.stm32cube.ide.mcu.externaltools.gnu-tools-for-stm32.7-2018-q2-update.win32_1.0.0.201904181610/tools/bin/../lib/gcc/arm-none-eabi/7.3.1/../../../../arm-none-eabi/lib/thumb/v7e-m/fpv4-sp/hard\libc_nano.a(lib_a-impure.o)
 .ARM.attributes
                0x00000000000006a9       0x34 c:/st/stm32cubeide_1.1.0/stm32cubeide/plugins/com.st.stm32cube.ide.mcu.externaltools.gnu-tools-for-stm32.7-2018-q2-update.win32_1.0.0.201904181610/tools/bin/../lib/gcc/arm-none-eabi/7.3.1/../../../../arm-none-eabi/lib/thumb/v7e-m/fpv4-sp/hard\libc_nano.a(lib_a-init.o)
 .ARM.attributes
                0x00000000000006dd       0x34 c:/st/stm32cubeide_1.1.0/stm32cubeide/plugins/com.st.stm32cube.ide.mcu.externaltools.gnu-tools-for-stm32.7-2018-q2-update.win32_1.0.0.201904181610/tools/bin/../lib/gcc/arm-none-eabi/7.3.1/../../../../arm-none-eabi/lib/thumb/v7e-m/fpv4-sp/hard\libc_nano.a(lib_a-malloc.o)
 .ARM.attributes
                0x0000000000000711       0x34 c:/st/stm32cubeide_1.1.0/stm32cubeide/plugins/com.st.stm32cube.ide.mcu.externaltools.gnu-tools-for-stm32.7-2018-q2-update.win32_1.0.0.201904181610/tools/bin/../lib/gcc/arm-none-eabi/7.3.1/../../../../arm-none-eabi/lib/thumb/v7e-m/fpv4-sp/hard\libc_nano.a(lib_a-memset.o)
 .ARM.attributes
                0x0000000000000745       0x34 c:/st/stm32cubeide_1.1.0/stm32cubeide/plugins/com.st.stm32cube.ide.mcu.externaltools.gnu-tools-for-stm32.7-2018-q2-update.win32_1.0.0.201904181610/tools/bin/../lib/gcc/arm-none-eabi/7.3.1/../../../../arm-none-eabi/lib/thumb/v7e-m/fpv4-sp/hard\libc_nano.a(lib_a-nano-freer.o)
 .ARM.attributes
                0x0000000000000779       0x34 c:/st/stm32cubeide_1.1.0/stm32cubeide/plugins/com.st.stm32cube.ide.mcu.externaltools.gnu-tools-for-stm32.7-2018-q2-update.win32_1.0.0.201904181610/tools/bin/../lib/gcc/arm-none-eabi/7.3.1/../../../../arm-none-eabi/lib/thumb/v7e-m/fpv4-sp/hard\libc_nano.a(lib_a-nano-mallocr.o)
 .ARM.attributes
                0x00000000000007ad       0x34 c:/st/stm32cubeide_1.1.0/stm32cubeide/plugins/com.st.stm32cube.ide.mcu.externaltools.gnu-tools-for-stm32.7-2018-q2-update.win32_1.0.0.201904181610/tools/bin/../lib/gcc/arm-none-eabi/7.3.1/../../../../arm-none-eabi/lib/thumb/v7e-m/fpv4-sp/hard\libc_nano.a(lib_a-sbrkr.o)
 .ARM.attributes
                0x00000000000007e1       0x34 c:/st/stm32cubeide_1.1.0/stm32cubeide/plugins/com.st.stm32cube.ide.mcu.externaltools.gnu-tools-for-stm32.7-2018-q2-update.win32_1.0.0.201904181610/tools/bin/../lib/gcc/arm-none-eabi/7.3.1/../../../../arm-none-eabi/lib/thumb/v7e-m/fpv4-sp/hard\libc_nano.a(lib_a-mlock.o)
 .ARM.attributes
                0x0000000000000815       0x34 c:/st/stm32cubeide_1.1.0/stm32cubeide/plugins/com.st.stm32cube.ide.mcu.externaltools.gnu-tools-for-stm32.7-2018-q2-update.win32_1.0.0.201904181610/tools/bin/../lib/gcc/arm-none-eabi/7.3.1/../../../../arm-none-eabi/lib/thumb/v7e-m/fpv4-sp/hard\libc_nano.a(lib_a-reent.o)
 .ARM.attributes
                0x0000000000000849       0x22 c:/st/stm32cubeide_1.1.0/stm32cubeide/plugins/com.st.stm32cube.ide.mcu.externaltools.gnu-tools-for-stm32.7-2018-q2-update.win32_1.0.0.201904181610/tools/bin/../lib/gcc/arm-none-eabi/7.3.1/thumb/v7e-m/fpv4-sp/hard\libgcc.a(_arm_addsubdf3.o)
 .ARM.attributes
                0x000000000000086b       0x22 c:/st/stm32cubeide_1.1.0/stm32cubeide/plugins/com.st.stm32cube.ide.mcu.externaltools.gnu-tools-for-stm32.7-2018-q2-update.win32_1.0.0.201904181610/tools/bin/../lib/gcc/arm-none-eabi/7.3.1/thumb/v7e-m/fpv4-sp/hard\libgcc.a(_arm_muldivdf3.o)
 .ARM.attributes
                0x000000000000088d       0x22 c:/st/stm32cubeide_1.1.0/stm32cubeide/plugins/com.st.stm32cube.ide.mcu.externaltools.gnu-tools-for-stm32.7-2018-q2-update.win32_1.0.0.201904181610/tools/bin/../lib/gcc/arm-none-eabi/7.3.1/thumb/v7e-m/fpv4-sp/hard\libgcc.a(_arm_fixunsdfsi.o)
 .ARM.attributes
                0x00000000000008af       0x22 c:/st/stm32cubeide_1.1.0/stm32cubeide/plugins/com.st.stm32cube.ide.mcu.externaltools.gnu-tools-for-stm32.7-2018-q2-update.win32_1.0.0.201904181610/tools/bin/../lib/gcc/arm-none-eabi/7.3.1/thumb/v7e-m/fpv4-sp/hard\libgcc.a(_aeabi_uldivmod.o)
 .ARM.attributes
                0x00000000000008d1       0x34 c:/st/stm32cubeide_1.1.0/stm32cubeide/plugins/com.st.stm32cube.ide.mcu.externaltools.gnu-tools-for-stm32.7-2018-q2-update.win32_1.0.0.201904181610/tools/bin/../lib/gcc/arm-none-eabi/7.3.1/thumb/v7e-m/fpv4-sp/hard\libgcc.a(_udivmoddi4.o)
 .ARM.attributes
                0x0000000000000905       0x22 c:/st/stm32cubeide_1.1.0/stm32cubeide/plugins/com.st.stm32cube.ide.mcu.externaltools.gnu-tools-for-stm32.7-2018-q2-update.win32_1.0.0.201904181610/tools/bin/../lib/gcc/arm-none-eabi/7.3.1/thumb/v7e-m/fpv4-sp/hard\libgcc.a(_dvmd_tls.o)
 .ARM.attributes
                0x0000000000000927       0x22 c:/st/stm32cubeide_1.1.0/stm32cubeide/plugins/com.st.stm32cube.ide.mcu.externaltools.gnu-tools-for-stm32.7-2018-q2-update.win32_1.0.0.201904181610/tools/bin/../lib/gcc/arm-none-eabi/7.3.1/thumb/v7e-m/fpv4-sp/hard/crtn.o
OUTPUT(ultrasonicc.elf elf32-littlearm)

.debug_info     0x0000000000000000    0x19e20
 .debug_info    0x0000000000000000      0x361 Core/Src/dwt_delay.o
 .debug_info    0x0000000000000361     0x1390 Core/Src/main.o
 .debug_info    0x00000000000016f1     0x1190 Core/Src/stm32f4xx_hal_msp.o
 .debug_info    0x0000000000002881      0x6b4 Core/Src/stm32f4xx_it.o
 .debug_info    0x0000000000002f35      0x91c Core/Src/sysmem.o
 .debug_info    0x0000000000003851      0x554 Core/Src/system_stm32f4xx.o
 .debug_info    0x0000000000003da5       0x22 Core/Startup/startup_stm32f407vgtx.o
 .debug_info    0x0000000000003dc7      0x945 Drivers/STM32F4xx_HAL_Driver/Src/stm32f4xx_hal.o
 .debug_info    0x000000000000470c      0xe28 Drivers/STM32F4xx_HAL_Driver/Src/stm32f4xx_hal_cortex.o
 .debug_info    0x0000000000005534      0x7b5 Drivers/STM32F4xx_HAL_Driver/Src/stm32f4xx_hal_gpio.o
 .debug_info    0x0000000000005ce9      0xe39 Drivers/STM32F4xx_HAL_Driver/Src/stm32f4xx_hal_hcd.o
 .debug_info    0x0000000000006b22     0x23b5 Drivers/STM32F4xx_HAL_Driver/Src/stm32f4xx_hal_i2c.o
 .debug_info    0x0000000000008ed7      0xddf Drivers/STM32F4xx_HAL_Driver/Src/stm32f4xx_hal_i2s.o
 .debug_info    0x0000000000009cb6      0xb76 Drivers/STM32F4xx_HAL_Driver/Src/stm32f4xx_hal_i2s_ex.o
 .debug_info    0x000000000000a82c      0x904 Drivers/STM32F4xx_HAL_Driver/Src/stm32f4xx_hal_rcc.o
 .debug_info    0x000000000000b130      0x5ae Drivers/STM32F4xx_HAL_Driver/Src/stm32f4xx_hal_rcc_ex.o
 .debug_info    0x000000000000b6de     0x163a Drivers/STM32F4xx_HAL_Driver/Src/stm32f4xx_hal_spi.o
 .debug_info    0x000000000000cd18     0x124c Drivers/STM32F4xx_HAL_Driver/Src/stm32f4xx_hal_uart.o
 .debug_info    0x000000000000df64     0x18dd Drivers/STM32F4xx_HAL_Driver/Src/stm32f4xx_ll_usb.o
 .debug_info    0x000000000000f841     0x1a8b Middlewares/ST/STM32_USB_Host_Library/Class/CDC/Src/usbh_cdc.o
 .debug_info    0x00000000000112cc     0x165b Middlewares/ST/STM32_USB_Host_Library/Core/Src/usbh_core.o
 .debug_info    0x0000000000012927     0x172a Middlewares/ST/STM32_USB_Host_Library/Core/Src/usbh_ctlreq.o
 .debug_info    0x0000000000014051     0x1497 Middlewares/ST/STM32_USB_Host_Library/Core/Src/usbh_ioreq.o
 .debug_info    0x00000000000154e8     0x12d9 Middlewares/ST/STM32_USB_Host_Library/Core/Src/usbh_pipes.o
 .debug_info    0x00000000000167c1     0x122d USB_HOST/App/usb_host.o
 .debug_info    0x00000000000179ee     0x21b8 USB_HOST/Target/usbh_conf.o
 .debug_info    0x0000000000019ba6      0x27a USB_HOST/Target/usbh_platform.o

.debug_abbrev   0x0000000000000000     0x391b
 .debug_abbrev  0x0000000000000000      0x10f Core/Src/dwt_delay.o
 .debug_abbrev  0x000000000000010f      0x24d Core/Src/main.o
 .debug_abbrev  0x000000000000035c      0x1c4 Core/Src/stm32f4xx_hal_msp.o
 .debug_abbrev  0x0000000000000520      0x164 Core/Src/stm32f4xx_it.o
 .debug_abbrev  0x0000000000000684      0x1bb Core/Src/sysmem.o
 .debug_abbrev  0x000000000000083f      0x12b Core/Src/system_stm32f4xx.o
 .debug_abbrev  0x000000000000096a       0x12 Core/Startup/startup_stm32f407vgtx.o
 .debug_abbrev  0x000000000000097c      0x1c7 Drivers/STM32F4xx_HAL_Driver/Src/stm32f4xx_hal.o
 .debug_abbrev  0x0000000000000b43      0x2fa Drivers/STM32F4xx_HAL_Driver/Src/stm32f4xx_hal_cortex.o
 .debug_abbrev  0x0000000000000e3d      0x1c9 Drivers/STM32F4xx_HAL_Driver/Src/stm32f4xx_hal_gpio.o
 .debug_abbrev  0x0000000000001006      0x255 Drivers/STM32F4xx_HAL_Driver/Src/stm32f4xx_hal_hcd.o
 .debug_abbrev  0x000000000000125b      0x254 Drivers/STM32F4xx_HAL_Driver/Src/stm32f4xx_hal_i2c.o
 .debug_abbrev  0x00000000000014af      0x21b Drivers/STM32F4xx_HAL_Driver/Src/stm32f4xx_hal_i2s.o
 .debug_abbrev  0x00000000000016ca      0x246 Drivers/STM32F4xx_HAL_Driver/Src/stm32f4xx_hal_i2s_ex.o
 .debug_abbrev  0x0000000000001910      0x245 Drivers/STM32F4xx_HAL_Driver/Src/stm32f4xx_hal_rcc.o
 .debug_abbrev  0x0000000000001b55      0x173 Drivers/STM32F4xx_HAL_Driver/Src/stm32f4xx_hal_rcc_ex.o
 .debug_abbrev  0x0000000000001cc8      0x240 Drivers/STM32F4xx_HAL_Driver/Src/stm32f4xx_hal_spi.o
 .debug_abbrev  0x0000000000001f08      0x242 Drivers/STM32F4xx_HAL_Driver/Src/stm32f4xx_hal_uart.o
 .debug_abbrev  0x000000000000214a      0x26d Drivers/STM32F4xx_HAL_Driver/Src/stm32f4xx_ll_usb.o
 .debug_abbrev  0x00000000000023b7      0x308 Middlewares/ST/STM32_USB_Host_Library/Class/CDC/Src/usbh_cdc.o
 .debug_abbrev  0x00000000000026bf      0x362 Middlewares/ST/STM32_USB_Host_Library/Core/Src/usbh_core.o
 .debug_abbrev  0x0000000000002a21      0x31b Middlewares/ST/STM32_USB_Host_Library/Core/Src/usbh_ctlreq.o
 .debug_abbrev  0x0000000000002d3c      0x279 Middlewares/ST/STM32_USB_Host_Library/Core/Src/usbh_ioreq.o
 .debug_abbrev  0x0000000000002fb5      0x2b1 Middlewares/ST/STM32_USB_Host_Library/Core/Src/usbh_pipes.o
 .debug_abbrev  0x0000000000003266      0x268 USB_HOST/App/usb_host.o
 .debug_abbrev  0x00000000000034ce      0x349 USB_HOST/Target/usbh_conf.o
 .debug_abbrev  0x0000000000003817      0x104 USB_HOST/Target/usbh_platform.o

.debug_aranges  0x0000000000000000     0x1318
 .debug_aranges
                0x0000000000000000       0x28 Core/Src/dwt_delay.o
 .debug_aranges
                0x0000000000000028       0x68 Core/Src/main.o
 .debug_aranges
                0x0000000000000090       0x60 Core/Src/stm32f4xx_hal_msp.o
 .debug_aranges
                0x00000000000000f0       0x68 Core/Src/stm32f4xx_it.o
 .debug_aranges
                0x0000000000000158       0x20 Core/Src/sysmem.o
 .debug_aranges
                0x0000000000000178       0x28 Core/Src/system_stm32f4xx.o
 .debug_aranges
                0x00000000000001a0       0x28 Core/Startup/startup_stm32f407vgtx.o
 .debug_aranges
                0x00000000000001c8       0xf0 Drivers/STM32F4xx_HAL_Driver/Src/stm32f4xx_hal.o
 .debug_aranges
                0x00000000000002b8      0x118 Drivers/STM32F4xx_HAL_Driver/Src/stm32f4xx_hal_cortex.o
 .debug_aranges
                0x00000000000003d0       0x58 Drivers/STM32F4xx_HAL_Driver/Src/stm32f4xx_hal_gpio.o
 .debug_aranges
                0x0000000000000428       0xf0 Drivers/STM32F4xx_HAL_Driver/Src/stm32f4xx_hal_hcd.o
 .debug_aranges
                0x0000000000000518      0x298 Drivers/STM32F4xx_HAL_Driver/Src/stm32f4xx_hal_i2c.o
 .debug_aranges
                0x00000000000007b0      0x108 Drivers/STM32F4xx_HAL_Driver/Src/stm32f4xx_hal_i2s.o
 .debug_aranges
                0x00000000000008b8       0x88 Drivers/STM32F4xx_HAL_Driver/Src/stm32f4xx_hal_i2s_ex.o
 .debug_aranges
                0x0000000000000940       0x88 Drivers/STM32F4xx_HAL_Driver/Src/stm32f4xx_hal_rcc.o
 .debug_aranges
                0x00000000000009c8       0x48 Drivers/STM32F4xx_HAL_Driver/Src/stm32f4xx_hal_rcc_ex.o
 .debug_aranges
                0x0000000000000a10      0x1d0 Drivers/STM32F4xx_HAL_Driver/Src/stm32f4xx_hal_spi.o
 .debug_aranges
                0x0000000000000be0      0x1d0 Drivers/STM32F4xx_HAL_Driver/Src/stm32f4xx_hal_uart.o
 .debug_aranges
                0x0000000000000db0      0x198 Drivers/STM32F4xx_HAL_Driver/Src/stm32f4xx_ll_usb.o
 .debug_aranges
                0x0000000000000f48       0xa8 Middlewares/ST/STM32_USB_Host_Library/Class/CDC/Src/usbh_cdc.o
 .debug_aranges
                0x0000000000000ff0       0xc0 Middlewares/ST/STM32_USB_Host_Library/Core/Src/usbh_core.o
 .debug_aranges
                0x00000000000010b0       0xa0 Middlewares/ST/STM32_USB_Host_Library/Core/Src/usbh_ctlreq.o
 .debug_aranges
                0x0000000000001150       0x60 Middlewares/ST/STM32_USB_Host_Library/Core/Src/usbh_ioreq.o
 .debug_aranges
                0x00000000000011b0       0x40 Middlewares/ST/STM32_USB_Host_Library/Core/Src/usbh_pipes.o
 .debug_aranges
                0x00000000000011f0       0x30 USB_HOST/App/usb_host.o
 .debug_aranges
                0x0000000000001220       0xd8 USB_HOST/Target/usbh_conf.o
 .debug_aranges
                0x00000000000012f8       0x20 USB_HOST/Target/usbh_platform.o

.debug_ranges   0x0000000000000000     0x1190
 .debug_ranges  0x0000000000000000       0x18 Core/Src/dwt_delay.o
 .debug_ranges  0x0000000000000018       0x58 Core/Src/main.o
 .debug_ranges  0x0000000000000070       0x50 Core/Src/stm32f4xx_hal_msp.o
 .debug_ranges  0x00000000000000c0       0x58 Core/Src/stm32f4xx_it.o
 .debug_ranges  0x0000000000000118       0x10 Core/Src/sysmem.o
 .debug_ranges  0x0000000000000128       0x18 Core/Src/system_stm32f4xx.o
 .debug_ranges  0x0000000000000140       0x20 Core/Startup/startup_stm32f407vgtx.o
 .debug_ranges  0x0000000000000160       0xe0 Drivers/STM32F4xx_HAL_Driver/Src/stm32f4xx_hal.o
 .debug_ranges  0x0000000000000240      0x108 Drivers/STM32F4xx_HAL_Driver/Src/stm32f4xx_hal_cortex.o
 .debug_ranges  0x0000000000000348       0x48 Drivers/STM32F4xx_HAL_Driver/Src/stm32f4xx_hal_gpio.o
 .debug_ranges  0x0000000000000390       0xe0 Drivers/STM32F4xx_HAL_Driver/Src/stm32f4xx_hal_hcd.o
 .debug_ranges  0x0000000000000470      0x2a8 Drivers/STM32F4xx_HAL_Driver/Src/stm32f4xx_hal_i2c.o
 .debug_ranges  0x0000000000000718       0xf8 Drivers/STM32F4xx_HAL_Driver/Src/stm32f4xx_hal_i2s.o
 .debug_ranges  0x0000000000000810       0x78 Drivers/STM32F4xx_HAL_Driver/Src/stm32f4xx_hal_i2s_ex.o
 .debug_ranges  0x0000000000000888       0x78 Drivers/STM32F4xx_HAL_Driver/Src/stm32f4xx_hal_rcc.o
 .debug_ranges  0x0000000000000900       0x38 Drivers/STM32F4xx_HAL_Driver/Src/stm32f4xx_hal_rcc_ex.o
 .debug_ranges  0x0000000000000938      0x1c0 Drivers/STM32F4xx_HAL_Driver/Src/stm32f4xx_hal_spi.o
 .debug_ranges  0x0000000000000af8      0x1c0 Drivers/STM32F4xx_HAL_Driver/Src/stm32f4xx_hal_uart.o
 .debug_ranges  0x0000000000000cb8      0x188 Drivers/STM32F4xx_HAL_Driver/Src/stm32f4xx_ll_usb.o
 .debug_ranges  0x0000000000000e40       0x98 Middlewares/ST/STM32_USB_Host_Library/Class/CDC/Src/usbh_cdc.o
 .debug_ranges  0x0000000000000ed8       0xb0 Middlewares/ST/STM32_USB_Host_Library/Core/Src/usbh_core.o
 .debug_ranges  0x0000000000000f88       0x90 Middlewares/ST/STM32_USB_Host_Library/Core/Src/usbh_ctlreq.o
 .debug_ranges  0x0000000000001018       0x50 Middlewares/ST/STM32_USB_Host_Library/Core/Src/usbh_ioreq.o
 .debug_ranges  0x0000000000001068       0x30 Middlewares/ST/STM32_USB_Host_Library/Core/Src/usbh_pipes.o
 .debug_ranges  0x0000000000001098       0x20 USB_HOST/App/usb_host.o
 .debug_ranges  0x00000000000010b8       0xc8 USB_HOST/Target/usbh_conf.o
 .debug_ranges  0x0000000000001180       0x10 USB_HOST/Target/usbh_platform.o

.debug_macro    0x0000000000000000    0x2401b
 .debug_macro   0x0000000000000000      0x219 Core/Src/dwt_delay.o
 .debug_macro   0x0000000000000219      0xa5a Core/Src/dwt_delay.o
 .debug_macro   0x0000000000000c73      0x19c Core/Src/dwt_delay.o
 .debug_macro   0x0000000000000e0f       0x32 Core/Src/dwt_delay.o
 .debug_macro   0x0000000000000e41       0x2f Core/Src/dwt_delay.o
 .debug_macro   0x0000000000000e70       0x22 Core/Src/dwt_delay.o
 .debug_macro   0x0000000000000e92       0x8e Core/Src/dwt_delay.o
 .debug_macro   0x0000000000000f20       0x51 Core/Src/dwt_delay.o
 .debug_macro   0x0000000000000f71       0xef Core/Src/dwt_delay.o
 .debug_macro   0x0000000000001060       0x6a Core/Src/dwt_delay.o
 .debug_macro   0x00000000000010ca      0x1df Core/Src/dwt_delay.o
 .debug_macro   0x00000000000012a9       0x1c Core/Src/dwt_delay.o
 .debug_macro   0x00000000000012c5       0x22 Core/Src/dwt_delay.o
 .debug_macro   0x00000000000012e7       0xdf Core/Src/dwt_delay.o
 .debug_macro   0x00000000000013c6     0x102d Core/Src/dwt_delay.o
 .debug_macro   0x00000000000023f3      0x11f Core/Src/dwt_delay.o
 .debug_macro   0x0000000000002512    0x15e3c Core/Src/dwt_delay.o
 .debug_macro   0x000000000001834e       0x43 Core/Src/dwt_delay.o
 .debug_macro   0x0000000000018391     0x3652 Core/Src/dwt_delay.o
 .debug_macro   0x000000000001b9e3      0x174 Core/Src/dwt_delay.o
 .debug_macro   0x000000000001bb57       0x5a Core/Src/dwt_delay.o
 .debug_macro   0x000000000001bbb1      0x96b Core/Src/dwt_delay.o
 .debug_macro   0x000000000001c51c      0x9fe Core/Src/dwt_delay.o
 .debug_macro   0x000000000001cf1a      0x174 Core/Src/dwt_delay.o
 .debug_macro   0x000000000001d08e      0x117 Core/Src/dwt_delay.o
 .debug_macro   0x000000000001d1a5      0x13e Core/Src/dwt_delay.o
 .debug_macro   0x000000000001d2e3       0x27 Core/Src/dwt_delay.o
 .debug_macro   0x000000000001d30a      0x287 Core/Src/dwt_delay.o
 .debug_macro   0x000000000001d591       0x5f Core/Src/dwt_delay.o
 .debug_macro   0x000000000001d5f0      0x236 Core/Src/dwt_delay.o
 .debug_macro   0x000000000001d826      0x12c Core/Src/dwt_delay.o
 .debug_macro   0x000000000001d952      0x21e Core/Src/dwt_delay.o
 .debug_macro   0x000000000001db70       0x2e Core/Src/dwt_delay.o
 .debug_macro   0x000000000001db9e      0x1b5 Core/Src/dwt_delay.o
 .debug_macro   0x000000000001dd53       0xd6 Core/Src/dwt_delay.o
 .debug_macro   0x000000000001de29      0x199 Core/Src/dwt_delay.o
 .debug_macro   0x000000000001dfc2       0x40 Core/Src/dwt_delay.o
 .debug_macro   0x000000000001e002       0x4a Core/Src/dwt_delay.o
 .debug_macro   0x000000000001e04c      0x11a Core/Src/dwt_delay.o
 .debug_macro   0x000000000001e166       0x7e Core/Src/dwt_delay.o
 .debug_macro   0x000000000001e1e4       0x89 Core/Src/dwt_delay.o
 .debug_macro   0x000000000001e26d      0x225 Core/Src/dwt_delay.o
 .debug_macro   0x000000000001e492      0x287 Core/Src/dwt_delay.o
 .debug_macro   0x000000000001e719      0x225 Core/Src/dwt_delay.o
 .debug_macro   0x000000000001e93e       0x68 Core/Src/dwt_delay.o
 .debug_macro   0x000000000001e9a6      0x12d Core/Src/dwt_delay.o
 .debug_macro   0x000000000001ead3       0x10 Core/Src/dwt_delay.o
 .debug_macro   0x000000000001eae3      0x232 Core/Src/main.o
 .debug_macro   0x000000000001ed15      0x190 Core/Src/main.o
 .debug_macro   0x000000000001eea5      0x21f Core/Src/stm32f4xx_hal_msp.o
 .debug_macro   0x000000000001f0c4      0x229 Core/Src/stm32f4xx_it.o
 .debug_macro   0x000000000001f2ed      0x1ae Core/Src/sysmem.o
 .debug_macro   0x000000000001f49b      0x23b Core/Src/sysmem.o
 .debug_macro   0x000000000001f6d6       0x16 Core/Src/sysmem.o
 .debug_macro   0x000000000001f6ec      0x216 Core/Src/system_stm32f4xx.o
 .debug_macro   0x000000000001f902      0x270 Drivers/STM32F4xx_HAL_Driver/Src/stm32f4xx_hal.o
 .debug_macro   0x000000000001fb72      0x210 Drivers/STM32F4xx_HAL_Driver/Src/stm32f4xx_hal_cortex.o
 .debug_macro   0x000000000001fd82      0x246 Drivers/STM32F4xx_HAL_Driver/Src/stm32f4xx_hal_gpio.o
 .debug_macro   0x000000000001ffc8      0x210 Drivers/STM32F4xx_HAL_Driver/Src/stm32f4xx_hal_hcd.o
 .debug_macro   0x00000000000201d8      0x250 Drivers/STM32F4xx_HAL_Driver/Src/stm32f4xx_hal_i2c.o
 .debug_macro   0x0000000000020428      0x211 Drivers/STM32F4xx_HAL_Driver/Src/stm32f4xx_hal_i2s.o
 .debug_macro   0x0000000000020639      0x210 Drivers/STM32F4xx_HAL_Driver/Src/stm32f4xx_hal_i2s_ex.o
 .debug_macro   0x0000000000020849      0x234 Drivers/STM32F4xx_HAL_Driver/Src/stm32f4xx_hal_rcc.o
 .debug_macro   0x0000000000020a7d      0x210 Drivers/STM32F4xx_HAL_Driver/Src/stm32f4xx_hal_rcc_ex.o
 .debug_macro   0x0000000000020c8d      0x21f Drivers/STM32F4xx_HAL_Driver/Src/stm32f4xx_hal_spi.o
 .debug_macro   0x0000000000020eac      0x211 Drivers/STM32F4xx_HAL_Driver/Src/stm32f4xx_hal_uart.o
 .debug_macro   0x00000000000210bd      0x210 Drivers/STM32F4xx_HAL_Driver/Src/stm32f4xx_ll_usb.o
 .debug_macro   0x00000000000212cd      0x435 Middlewares/ST/STM32_USB_Host_Library/Class/CDC/Src/usbh_cdc.o
 .debug_macro   0x0000000000021702       0x97 Middlewares/ST/STM32_USB_Host_Library/Class/CDC/Src/usbh_cdc.o
 .debug_macro   0x0000000000021799       0xfd Middlewares/ST/STM32_USB_Host_Library/Class/CDC/Src/usbh_cdc.o
 .debug_macro   0x0000000000021896       0x16 Middlewares/ST/STM32_USB_Host_Library/Class/CDC/Src/usbh_cdc.o
 .debug_macro   0x00000000000218ac       0x20 Middlewares/ST/STM32_USB_Host_Library/Class/CDC/Src/usbh_cdc.o
 .debug_macro   0x00000000000218cc       0xd9 Middlewares/ST/STM32_USB_Host_Library/Class/CDC/Src/usbh_cdc.o
 .debug_macro   0x00000000000219a5       0x54 Middlewares/ST/STM32_USB_Host_Library/Class/CDC/Src/usbh_cdc.o
 .debug_macro   0x00000000000219f9       0x73 Middlewares/ST/STM32_USB_Host_Library/Class/CDC/Src/usbh_cdc.o
 .debug_macro   0x0000000000021a6c      0x210 Middlewares/ST/STM32_USB_Host_Library/Class/CDC/Src/usbh_cdc.o
 .debug_macro   0x0000000000021c7c       0x2e Middlewares/ST/STM32_USB_Host_Library/Class/CDC/Src/usbh_cdc.o
 .debug_macro   0x0000000000021caa       0x2e Middlewares/ST/STM32_USB_Host_Library/Class/CDC/Src/usbh_cdc.o
 .debug_macro   0x0000000000021cd8       0x28 Middlewares/ST/STM32_USB_Host_Library/Class/CDC/Src/usbh_cdc.o
 .debug_macro   0x0000000000021d00      0x15c Middlewares/ST/STM32_USB_Host_Library/Class/CDC/Src/usbh_cdc.o
 .debug_macro   0x0000000000021e5c      0x432 Middlewares/ST/STM32_USB_Host_Library/Core/Src/usbh_core.o
 .debug_macro   0x000000000002228e      0x42a Middlewares/ST/STM32_USB_Host_Library/Core/Src/usbh_ctlreq.o
 .debug_macro   0x00000000000226b8       0x28 Middlewares/ST/STM32_USB_Host_Library/Core/Src/usbh_ctlreq.o
 .debug_macro   0x00000000000226e0      0x424 Middlewares/ST/STM32_USB_Host_Library/Core/Src/usbh_ioreq.o
 .debug_macro   0x0000000000022b04      0x424 Middlewares/ST/STM32_USB_Host_Library/Core/Src/usbh_pipes.o
 .debug_macro   0x0000000000022f28      0x433 USB_HOST/App/usb_host.o
 .debug_macro   0x000000000002335b       0x46 USB_HOST/App/usb_host.o
 .debug_macro   0x00000000000233a1      0x32a USB_HOST/App/usb_host.o
 .debug_macro   0x00000000000236cb      0x196 USB_HOST/App/usb_host.o
 .debug_macro   0x0000000000023861      0x162 USB_HOST/App/usb_host.o
 .debug_macro   0x00000000000239c3      0x434 USB_HOST/Target/usbh_conf.o
 .debug_macro   0x0000000000023df7      0x224 USB_HOST/Target/usbh_platform.o

.debug_line     0x0000000000000000    0x12871
 .debug_line    0x0000000000000000      0x74f Core/Src/dwt_delay.o
 .debug_line    0x000000000000074f      0x8bb Core/Src/main.o
 .debug_line    0x000000000000100a      0x7fa Core/Src/stm32f4xx_hal_msp.o
 .debug_line    0x0000000000001804      0x7ec Core/Src/stm32f4xx_it.o
 .debug_line    0x0000000000001ff0      0x55e Core/Src/sysmem.o
 .debug_line    0x000000000000254e      0x751 Core/Src/system_stm32f4xx.o
 .debug_line    0x0000000000002c9f       0x86 Core/Startup/startup_stm32f407vgtx.o
 .debug_line    0x0000000000002d25      0x93b Drivers/STM32F4xx_HAL_Driver/Src/stm32f4xx_hal.o
 .debug_line    0x0000000000003660      0xa5f Drivers/STM32F4xx_HAL_Driver/Src/stm32f4xx_hal_cortex.o
 .debug_line    0x00000000000040bf      0x91a Drivers/STM32F4xx_HAL_Driver/Src/stm32f4xx_hal_gpio.o
 .debug_line    0x00000000000049d9      0xbb9 Drivers/STM32F4xx_HAL_Driver/Src/stm32f4xx_hal_hcd.o
 .debug_line    0x0000000000005592     0x1b75 Drivers/STM32F4xx_HAL_Driver/Src/stm32f4xx_hal_i2c.o
 .debug_line    0x0000000000007107      0xcf3 Drivers/STM32F4xx_HAL_Driver/Src/stm32f4xx_hal_i2s.o
 .debug_line    0x0000000000007dfa      0xf05 Drivers/STM32F4xx_HAL_Driver/Src/stm32f4xx_hal_i2s_ex.o
 .debug_line    0x0000000000008cff      0x993 Drivers/STM32F4xx_HAL_Driver/Src/stm32f4xx_hal_rcc.o
 .debug_line    0x0000000000009692      0x85c Drivers/STM32F4xx_HAL_Driver/Src/stm32f4xx_hal_rcc_ex.o
 .debug_line    0x0000000000009eee     0x10ee Drivers/STM32F4xx_HAL_Driver/Src/stm32f4xx_hal_spi.o
 .debug_line    0x000000000000afdc     0x1049 Drivers/STM32F4xx_HAL_Driver/Src/stm32f4xx_hal_uart.o
 .debug_line    0x000000000000c025      0xe5d Drivers/STM32F4xx_HAL_Driver/Src/stm32f4xx_ll_usb.o
 .debug_line    0x000000000000ce82      0xc9c Middlewares/ST/STM32_USB_Host_Library/Class/CDC/Src/usbh_cdc.o
 .debug_line    0x000000000000db1e      0xd4d Middlewares/ST/STM32_USB_Host_Library/Core/Src/usbh_core.o
 .debug_line    0x000000000000e86b      0xcc1 Middlewares/ST/STM32_USB_Host_Library/Core/Src/usbh_ctlreq.o
 .debug_line    0x000000000000f52c      0xac8 Middlewares/ST/STM32_USB_Host_Library/Core/Src/usbh_ioreq.o
 .debug_line    0x000000000000fff4      0xa80 Middlewares/ST/STM32_USB_Host_Library/Core/Src/usbh_pipes.o
 .debug_line    0x0000000000010a74      0xa81 USB_HOST/App/usb_host.o
 .debug_line    0x00000000000114f5      0xc1a USB_HOST/Target/usbh_conf.o
 .debug_line    0x000000000001210f      0x762 USB_HOST/Target/usbh_platform.o

.debug_str      0x0000000000000000    0xccb95
 .debug_str     0x0000000000000000    0xc0860 Core/Src/dwt_delay.o
                                      0xc0af3 (size before relaxing)
 .debug_str     0x00000000000c0860     0x1302 Core/Src/main.o
                                      0xc1de0 (size before relaxing)
 .debug_str     0x00000000000c1b62       0xcb Core/Src/stm32f4xx_hal_msp.o
                                      0xc1bc1 (size before relaxing)
 .debug_str     0x00000000000c1c2d      0x43d Core/Src/stm32f4xx_it.o
                                      0xc1505 (size before relaxing)
 .debug_str     0x00000000000c206a     0x4523 Core/Src/sysmem.o
                                       0x7af1 (size before relaxing)
 .debug_str     0x00000000000c658d       0xc4 Core/Src/system_stm32f4xx.o
                                      0xc0b71 (size before relaxing)
 .debug_str     0x00000000000c6651       0x36 Core/Startup/startup_stm32f407vgtx.o
                                         0x73 (size before relaxing)
 .debug_str     0x00000000000c6687      0xa59 Drivers/STM32F4xx_HAL_Driver/Src/stm32f4xx_hal.o
                                      0xc163e (size before relaxing)